03-10 16:36:31.006 15401 15401 E AndroidRuntime: FATAL EXCEPTION: main
03-10 16:36:31.006 15401 15401 E AndroidRuntime: Process: com.hajj, PID: 15401
03-10 16:36:31.006 15401 15401 E AndroidRuntime: java.lang.NullPointerException: java.lang.NullPointerException
03-10 16:36:31.006 15401 15401 E AndroidRuntime: 	at com.facebook.react.devsupport.CxxInspectorPackagerConnection$WebSocketDelegate.didReceiveMessage(Native Method)
03-10 16:36:31.006 15401 15401 E AndroidRuntime: 	at com.facebook.react.devsupport.CxxInspectorPackagerConnection$DelegateImpl$connectWebSocket$webSocket$1.onMessage$lambda$1(CxxInspectorPackagerConnection.kt:208)
03-10 16:36:31.006 15401 15401 E AndroidRuntime: 	at com.facebook.react.devsupport.CxxInspectorPackagerConnection$DelegateImpl$connectWebSocket$webSocket$1.$r8$lambda$O31gJ9mPudNC5xHMm3nPJgxbPDI(Unknown Source:0)
03-10 16:36:31.006 15401 15401 E AndroidRuntime: 	at com.facebook.react.devsupport.CxxInspectorPackagerConnection$DelegateImpl$connectWebSocket$webSocket$1$$ExternalSyntheticLambda3.run(D8$$SyntheticClass:0)
03-10 16:36:31.006 15401 15401 E AndroidRuntime: 	at android.os.Handler.handleCallback(Handler.java:958)
03-10 16:36:31.006 15401 15401 E AndroidRuntime: 	at android.os.Handler.dispatchMessage(Handler.java:99)
03-10 16:36:31.006 15401 15401 E AndroidRuntime: 	at android.os.Looper.loopOnce(Looper.java:243)
03-10 16:36:31.006 15401 15401 E AndroidRuntime: 	at android.os.Looper.loop(Looper.java:338)
03-10 16:36:31.006 15401 15401 E AndroidRuntime: 	at android.app.ActivityThread.main(ActivityThread.java:8506)
03-10 16:36:31.006 15401 15401 E AndroidRuntime: 	at java.lang.reflect.Method.invoke(Native Method)
03-10 16:36:31.006 15401 15401 E AndroidRuntime: 	at com.android.internal.os.RuntimeInit$MethodAndArgsCaller.run(RuntimeInit.java:602)
03-10 16:36:31.006 15401 15401 E AndroidRuntime: 	at com.android.internal.os.ZygoteInit.main(ZygoteInit.java:1064)
03-10 17:42:43.761   936   936 E AndroidRuntime: FATAL EXCEPTION: main
03-10 17:42:43.761   936   936 E AndroidRuntime: Process: com.hajj, PID: 936
03-10 17:42:43.761   936   936 E AndroidRuntime: java.lang.NullPointerException: java.lang.NullPointerException
03-10 17:42:43.761   936   936 E AndroidRuntime: 	at com.facebook.react.devsupport.CxxInspectorPackagerConnection$WebSocketDelegate.didReceiveMessage(Native Method)
03-10 17:42:43.761   936   936 E AndroidRuntime: 	at com.facebook.react.devsupport.CxxInspectorPackagerConnection$DelegateImpl$connectWebSocket$webSocket$1.onMessage$lambda$1(CxxInspectorPackagerConnection.kt:208)
03-10 17:42:43.761   936   936 E AndroidRuntime: 	at com.facebook.react.devsupport.CxxInspectorPackagerConnection$DelegateImpl$connectWebSocket$webSocket$1.$r8$lambda$O31gJ9mPudNC5xHMm3nPJgxbPDI(Unknown Source:0)
03-10 17:42:43.761   936   936 E AndroidRuntime: 	at com.facebook.react.devsupport.CxxInspectorPackagerConnection$DelegateImpl$connectWebSocket$webSocket$1$$ExternalSyntheticLambda3.run(D8$$SyntheticClass:0)
03-10 17:42:43.761   936   936 E AndroidRuntime: 	at android.os.Handler.handleCallback(Handler.java:958)
03-10 17:42:43.761   936   936 E AndroidRuntime: 	at android.os.Handler.dispatchMessage(Handler.java:99)
03-10 17:42:43.761   936   936 E AndroidRuntime: 	at android.os.Looper.loopOnce(Looper.java:243)
03-10 17:42:43.761   936   936 E AndroidRuntime: 	at android.os.Looper.loop(Looper.java:338)
03-10 17:42:43.761   936   936 E AndroidRuntime: 	at android.app.ActivityThread.main(ActivityThread.java:8506)
03-10 17:42:43.761   936   936 E AndroidRuntime: 	at java.lang.reflect.Method.invoke(Native Method)
03-10 17:42:43.761   936   936 E AndroidRuntime: 	at com.android.internal.os.RuntimeInit$MethodAndArgsCaller.run(RuntimeInit.java:602)
03-10 17:42:43.761   936   936 E AndroidRuntime: 	at com.android.internal.os.ZygoteInit.main(ZygoteInit.java:1064)
03-25 23:24:35.585 10768 16193 F libc    : Fatal signal 6 (SIGABRT), code -6 (SI_TKILL) in tid 16193 (milo-handler-th), pid 10768 (aoapp.musically)
03-25 23:24:38.974 18692 18692 F DEBUG   : *** *** *** *** *** *** *** *** *** *** *** *** *** *** *** ***
03-25 23:24:38.974 18692 18692 F DEBUG   : Build fingerprint: 'TECNO/KL7-OP/TECNO-KL7:14/UP1A.231005.007/260112V1062:user/release-keys'
03-25 23:24:38.974 18692 18692 F DEBUG   : Revision: '0'
03-25 23:24:38.974 18692 18692 F DEBUG   : ABI: 'arm64'
03-25 23:24:38.974 18692 18692 F DEBUG   : Timestamp: 2026-03-25 23:24:36.520573281+0000
03-25 23:24:38.974 18692 18692 F DEBUG   : Process uptime: 2940s
03-25 23:24:38.975 18692 18692 F DEBUG   : Cmdline: com.zhiliaoapp.musically
03-25 23:24:38.975 18692 18692 F DEBUG   : pid: 10768, tid: 16193, name: milo-handler-th  >>> com.zhiliaoapp.musically <<<
03-25 23:24:38.975 18692 18692 F DEBUG   : uid: 10260
03-25 23:24:38.975 18692 18692 F DEBUG   : tagged_addr_ctrl: 0000000000000001 (PR_TAGGED_ADDR_ENABLE)
03-25 23:24:38.975 18692 18692 F DEBUG   : signal 6 (SIGABRT), code -6 (SI_TKILL), fault addr --------
03-25 23:24:38.975 18692 18692 F DEBUG   : Abort message: 'Caused GeckoCompressUtil failure : SuspendThreadByThreadId timed out: milo-handler-thread: state&flags: 0x9, Java/native priority: 5/0, nsusps: 0, ncheckpts: 0, culprit info: /proc/.../stat: 16193 (milo-handler-th) S 1273 1273 0 0 -1 1077936192 1747 39320 48 167 94 260 49 93 20 0 388 0 351->16193 (milo-handler-th) S 1273 1273 0 0 -1 1077936192 1747 39320 48 167 94 260 49 93 20 0 388 0 351; Final wait time: 15.003s; appr. total wait time: 60.015s'
03-25 23:24:38.975 18692 18692 F DEBUG   :     x0  0000000000000000  x1  0000000000003f41  x2  0000000000000006  x3  0000007d3275fda0
03-25 23:24:38.975 18692 18692 F DEBUG   :     x4  0000007d2a4d9ae0  x5  fffffffffffbfeff  x6  fffffffffffbfeff  x7  fffffffffffbfeff
03-25 23:24:38.975 18692 18692 F DEBUG   :     x8  00000000000000f0  x9  0000000000000001  x10 0000000000000002  x11 0000000000000000
03-25 23:24:38.975 18692 18692 F DEBUG   :     x12 000000000000000a  x13 0000000100000000  x14 0000000000000000  x15 0000000000000000
03-25 23:24:38.975 18692 18692 F DEBUG   :     x16 00000079289305b8  x17 0000007d2a6d7220  x18 00000078fd9d0000  x19 0000007d3275fda0
03-25 23:24:38.976 18692 18692 F DEBUG   :     x20 0000000000003f41  x21 0000000000002a10  x22 00000079289349f0  x23 000000790b19c000
03-25 23:24:38.976 18692 18692 F DEBUG   :     x24 0000007928934b70  x25 0000007928934000  x26 0000000000000008  x27 b400007a926d9820
03-25 23:24:38.976 18692 18692 F DEBUG   :     x28 0000007a80542080  x29 0000007d3275fd40
03-25 23:24:38.976 18692 18692 F DEBUG   :     lr  00000079289149c0  sp  0000007d3275fd10  pc  0000007d2a6d7240  pst 0000000000001000
03-25 23:24:38.976 18692 18692 F DEBUG   : 31 total frames
03-25 23:24:38.976 18692 18692 F DEBUG   : backtrace:
03-25 23:24:38.976 18692 18692 F DEBUG   :       #00 pc 0000000000058240  /apex/com.android.runtime/lib64/bionic/libc.so (syscall+32) (BuildId: e2d9c5ba32145bb6e11e59494ee68593)
03-25 23:24:38.976 18692 18692 F DEBUG   :       #01 pc 00000000000139bc  /data/app/~~FklaAq1IPgMm5hoiQ062iA==/com.zhiliaoapp.musically-j7bnKVDR_dgj5ZkpLkjsvg==/lib/arm64/libnpth.so (BuildId: 9c3eb6b0393add4fd7b97631c33568370ce7ad74)
03-25 23:24:38.976 18692 18692 F DEBUG   :       #02 pc 000000000000089c  [vdso]
03-25 23:24:38.976 18692 18692 F DEBUG   :       #03 pc 000000000005823c  /apex/com.android.runtime/lib64/bionic/libc.so (syscall+28) (BuildId: e2d9c5ba32145bb6e11e59494ee68593)
03-25 23:24:38.976 18692 18692 F DEBUG   :       #04 pc 000000000023f30c  /apex/com.android.art/lib64/libart.so (art::ReaderWriterMutex::HandleSharedLockContention(art::Thread*, int)+332) (BuildId: be34fbe63ff357beb403f9cb39923ea7)
03-25 23:24:38.976 18692 18692 F DEBUG   :       #05 pc 0000000000207be8  /apex/com.android.art/lib64/libart.so (art::ClassLinker::FindClass(art::Thread*, char const*, unsigned long, art::Handle<art::mirror::ClassLoader>)+4220) (BuildId: be34fbe63ff357beb403f9cb39923ea7)
03-25 23:24:38.976 18692 18692 F DEBUG   :       #06 pc 0000000000204d70  /apex/com.android.art/lib64/libart.so (NterpGetClass+1472) (BuildId: be34fbe63ff357beb403f9cb39923ea7)
03-25 23:24:38.977 18692 18692 F DEBUG   :       #07 pc 000000000066e530  /apex/com.android.art/lib64/libart.so (nterp_get_class+48) (BuildId: be34fbe63ff357beb403f9cb39923ea7)
03-25 23:24:38.977 18692 18692 F DEBUG   :       #08 pc 0000000000660850  /apex/com.android.art/lib64/libart.so (nterp_op_check_cast+80) (BuildId: be34fbe63ff357beb403f9cb39923ea7)
03-25 23:24:38.977 18692 18692 F DEBUG   :       #09 pc 0000000009bd1bac  /data/app/~~FklaAq1IPgMm5hoiQ062iA==/com.zhiliaoapp.musically-j7bnKVDR_dgj5ZkpLkjsvg==/oat/arm64/base.vdex (X.0aFs.LIZIZ+60)
03-25 23:24:38.977 18692 18692 F DEBUG   :       #10 pc 00000000041bd49c  /data/app/~~FklaAq1IPgMm5hoiQ062iA==/com.zhiliaoapp.musically-j7bnKVDR_dgj5ZkpLkjsvg==/oat/arm64/base.odex (X.0aFs.LIZ+316)
03-25 23:24:38.977 18692 18692 F DEBUG   :       #11 pc 00000000041bdbf4  /data/app/~~FklaAq1IPgMm5hoiQ062iA==/com.zhiliaoapp.musically-j7bnKVDR_dgj5ZkpLkjsvg==/oat/arm64/base.odex (X.0aFt.LJIIJJI+180)
03-25 23:24:38.977 18692 18692 F DEBUG   :       #12 pc 00000000037e2ff0  /data/app/~~FklaAq1IPgMm5hoiQ062iA==/com.zhiliaoapp.musically-j7bnKVDR_dgj5ZkpLkjsvg==/oat/arm64/base.odex (X.138t.LIZ+240)
03-25 23:24:38.977 18692 18692 F DEBUG   :       #13 pc 00000000037d7bd8  /data/app/~~FklaAq1IPgMm5hoiQ062iA==/com.zhiliaoapp.musically-j7bnKVDR_dgj5ZkpLkjsvg==/oat/arm64/base.odex (X.138q.LJJ+3928)
03-25 23:24:38.977 18692 18692 F DEBUG   :       #14 pc 00000000037d6a6c  /data/app/~~FklaAq1IPgMm5hoiQ062iA==/com.zhiliaoapp.musically-j7bnKVDR_dgj5ZkpLkjsvg==/oat/arm64/base.odex (X.138q.LJIIIZ+268)
03-25 23:24:38.977 18692 18692 F DEBUG   :       #15 pc 0000000004894e30  /data/app/~~FklaAq1IPgMm5hoiQ062iA==/com.zhiliaoapp.musically-j7bnKVDR_dgj5ZkpLkjsvg==/oat/arm64/base.odex (kotlin.jvm.internal.AwS540S0100000_32.invoke$747+96)
03-25 23:24:38.977 18692 18692 F DEBUG   :       #16 pc 00000000048961c8  /data/app/~~FklaAq1IPgMm5hoiQ062iA==/com.zhiliaoapp.musically-j7bnKVDR_dgj5ZkpLkjsvg==/oat/arm64/base.odex (kotlin.jvm.internal.AwS540S0100000_32.invoke+4728)
03-25 23:24:38.977 18692 18692 F DEBUG   :       #17 pc 0000000001363488  /data/app/~~FklaAq1IPgMm5hoiQ062iA==/com.zhiliaoapp.musically-j7bnKVDR_dgj5ZkpLkjsvg==/oat/arm64/base.odex (X.138p.LIZ+1144)
03-25 23:24:38.978 18692 18692 F DEBUG   :       #18 pc 000000000136e2e8  /data/app/~~FklaAq1IPgMm5hoiQ062iA==/com.zhiliaoapp.musically-j7bnKVDR_dgj5ZkpLkjsvg==/oat/arm64/base.odex (Y.ARunnableS88S0000000_32.run$25+280)
03-25 23:24:38.978 18692 18692 F DEBUG   :       #19 pc 00000000038809ec  /data/app/~~FklaAq1IPgMm5hoiQ062iA==/com.zhiliaoapp.musically-j7bnKVDR_dgj5ZkpLkjsvg==/oat/arm64/base.odex (Y.ARunnableS88S0000000_32.run+1004)
03-25 23:24:38.978 18692 18692 F DEBUG   :       #20 pc 0000000001dc52e4  /data/app/~~FklaAq1IPgMm5hoiQ062iA==/com.zhiliaoapp.musically-j7bnKVDR_dgj5ZkpLkjsvg==/oat/arm64/base.odex (X.0OGN.run+100)
03-25 23:24:38.978 18692 18692 F DEBUG   :       #21 pc 00000000021377f8  /data/app/~~FklaAq1IPgMm5hoiQ062iA==/com.zhiliaoapp.musically-j7bnKVDR_dgj5ZkpLkjsvg==/oat/arm64/base.odex (com.bytedance.bpea.transmit.delegate.BPEAHandler.dispatchMessage+104)
03-25 23:24:38.978 18692 18692 F DEBUG   :       #22 pc 00000000009bed60  /data/misc/apexdata/com.android.art/dalvik-cache/arm64/boot.oat (android.os.Looper.loopOnce+1008)
03-25 23:24:38.978 18692 18692 F DEBUG   :       #23 pc 00000000009be8bc  /data/misc/apexdata/com.android.art/dalvik-cache/arm64/boot.oat (android.os.Looper.loop+844)
03-25 23:24:38.978 18692 18692 F DEBUG   :       #24 pc 00000000009bd7fc  /data/misc/apexdata/com.android.art/dalvik-cache/arm64/boot.oat (android.os.HandlerThread.run+924)
03-25 23:24:38.978 18692 18692 F DEBUG   :       #25 pc 00000000002cdd94  /apex/com.android.art/lib64/libart.so (art_quick_invoke_stub+612) (BuildId: be34fbe63ff357beb403f9cb39923ea7)
03-25 23:24:38.978 18692 18692 F DEBUG   :       #26 pc 000000000026e624  /apex/com.android.art/lib64/libart.so (art::ArtMethod::Invoke(art::Thread*, unsigned int*, unsigned int, art::JValue*, char const*)+220) (BuildId: be34fbe63ff357beb403f9cb39923ea7)
03-25 23:24:38.978 18692 18692 F DEBUG   :       #27 pc 00000000004c3f30  /apex/com.android.art/lib64/libart.so (art::Thread::CreateCallback(void*)+1184) (BuildId: be34fbe63ff357beb403f9cb39923ea7)
03-25 23:24:38.978 18692 18692 F DEBUG   :       #28 pc 00000000004c3a80  /apex/com.android.art/lib64/libart.so (art::Thread::CreateCallbackWithUffdGc(void*)+8) (BuildId: be34fbe63ff357beb403f9cb39923ea7)
03-25 23:24:38.978 18692 18692 F DEBUG   :       #29 pc 00000000000c9cfc  /apex/com.android.runtime/lib64/bionic/libc.so (__pthread_start(void*)+204) (BuildId: e2d9c5ba32145bb6e11e59494ee68593)
03-25 23:24:38.978 18692 18692 F DEBUG   :       #30 pc 000000000005db00  /apex/com.android.runtime/lib64/bionic/libc.so (__start_thread+64) (BuildId: e2d9c5ba32145bb6e11e59494ee68593)
03-26 13:11:39.139  4080  6036 E AndroidRuntime: FATAL EXCEPTION: AR-Frame-Lite-Renderer-Render-Thread-190646563
03-26 13:11:39.139  4080  6036 E AndroidRuntime: Process: com.instagram.android, PID: 4080
03-26 13:11:39.139  4080  6036 E AndroidRuntime: java.lang.ClassCastException: X.60c cannot be cast to X.A9R
03-26 13:11:39.139  4080  6036 E AndroidRuntime: 	at X.Itx.ANb(Unknown Source:80)
03-26 13:11:39.139  4080  6036 E AndroidRuntime: 	at X.Iti.ANb(Unknown Source:23)
03-26 13:11:39.139  4080  6036 E AndroidRuntime: 	at X.5Z2.run(Unknown Source:157)
03-26 13:11:39.139  4080  6036 E AndroidRuntime: 	at android.os.Handler.handleCallback(Handler.java:958)
03-26 13:11:39.139  4080  6036 E AndroidRuntime: 	at android.os.Handler.dispatchMessage(Handler.java:99)
03-26 13:11:39.139  4080  6036 E AndroidRuntime: 	at android.os.Looper.loopOnce(Looper.java:243)
03-26 13:11:39.139  4080  6036 E AndroidRuntime: 	at android.os.Looper.loop(Looper.java:338)
03-26 13:11:39.139  4080  6036 E AndroidRuntime: 	at android.os.HandlerThread.run(HandlerThread.java:67)
04-05 02:37:33.405 15279 15279 E AndroidRuntime: FATAL EXCEPTION: main
04-05 02:37:33.405 15279 15279 E AndroidRuntime: Process: com.hajj, PID: 15279
04-05 02:37:33.405 15279 15279 E AndroidRuntime: java.lang.RuntimeException: Unable to load script.
04-05 02:37:33.405 15279 15279 E AndroidRuntime: 
04-05 02:37:33.405 15279 15279 E AndroidRuntime: Make sure you're running Metro or that your bundle 'index.android.bundle' is packaged correctly for release.
04-05 02:37:33.405 15279 15279 E AndroidRuntime: 
04-05 02:37:33.405 15279 15279 E AndroidRuntime: The device must either be USB connected (with bundler set to "localhost:8081") or be on the same Wi-Fi network as your computer (with bundler set to your computer IP) to connect to Metro.
04-05 02:37:33.405 15279 15279 E AndroidRuntime: 
04-05 02:37:33.405 15279 15279 E AndroidRuntime: If you're using USB on a physical device, make sure you also run this command:
04-05 02:37:33.405 15279 15279 E AndroidRuntime:   adb reverse tcp:8081 tcp:8081
04-05 02:37:33.405 15279 15279 E AndroidRuntime: 	at com.facebook.react.runtime.ReactInstance.loadJSBundleFromAssets(Native Method)
04-05 02:37:33.405 15279 15279 E AndroidRuntime: 	at com.facebook.react.runtime.ReactInstance.access$loadJSBundleFromAssets(ReactInstance.kt:84)
04-05 02:37:33.405 15279 15279 E AndroidRuntime: 	at com.facebook.react.runtime.ReactInstance$loadJSBundle$1.loadScriptFromAssets(ReactInstance.kt:324)
04-05 02:37:33.405 15279 15279 E AndroidRuntime: 	at com.facebook.react.bridge.JSBundleLoader$Companion$createAssetLoader$1.loadScript(JSBundleLoader.kt:33)
04-05 02:37:33.405 15279 15279 E AndroidRuntime: 	at com.facebook.react.runtime.ReactInstance.loadJSBundle(ReactInstance.kt:303)
04-05 02:37:33.405 15279 15279 E AndroidRuntime: 	at com.facebook.react.runtime.ReactHostImpl.getOrCreateReactInstanceTask$lambda$44$lambda$40(ReactHostImpl.kt:1019)
04-05 02:37:33.405 15279 15279 E AndroidRuntime: 	at com.facebook.react.runtime.ReactHostImpl.$r8$lambda$kGNcmxBxZbp8b1wWTaqIXDdkV8g(Unknown Source:0)
04-05 02:37:33.405 15279 15279 E AndroidRuntime: 	at com.facebook.react.runtime.ReactHostImpl$$ExternalSyntheticLambda26.then(D8$$SyntheticClass:0)
04-05 02:37:33.405 15279 15279 E AndroidRuntime: 	at com.facebook.react.runtime.internal.bolts.Task$Companion.completeImmediately$lambda$3(Task.kt:360)
04-05 02:37:33.405 15279 15279 E AndroidRuntime: 	at com.facebook.react.runtime.internal.bolts.Task$Companion.$r8$lambda$b7MTC0ufkn_2TjF4BGcNqGR9qK0(Unknown Source:0)
04-05 02:37:33.405 15279 15279 E AndroidRuntime: 	at com.facebook.react.runtime.internal.bolts.Task$Companion$$ExternalSyntheticLambda3.run(D8$$SyntheticClass:0)
04-05 02:37:33.405 15279 15279 E AndroidRuntime: 	at com.facebook.react.runtime.internal.bolts.Executors$ImmediateExecutor.execute(Executors.kt:41)
04-05 02:37:33.405 15279 15279 E AndroidRuntime: 	at com.facebook.react.runtime.internal.bolts.Task$Companion.completeImmediately(Task.kt:358)
04-05 02:37:33.405 15279 15279 E AndroidRuntime: 	at com.facebook.react.runtime.internal.bolts.Task$Companion.access$completeImmediately(Task.kt:254)
04-05 02:37:33.405 15279 15279 E AndroidRuntime: 	at com.facebook.react.runtime.internal.bolts.Task.continueWith(Task.kt:133)
04-05 02:37:33.405 15279 15279 E AndroidRuntime: 	at com.facebook.react.runtime.internal.bolts.Task.continueWith$default(Task.kt:117)
04-05 02:37:33.405 15279 15279 E AndroidRuntime: 	at com.facebook.react.runtime.internal.bolts.Task.onSuccess$lambda$12(Task.kt:176)
04-05 02:37:33.405 15279 15279 E AndroidRuntime: 	at com.facebook.react.runtime.internal.bolts.Task.$r8$lambda$l0wwo5AvbHxlwfI1R7CH_codxoo(Unknown Source:0)
04-05 02:37:33.405 15279 15279 E AndroidRuntime: 	at com.facebook.react.runtime.internal.bolts.Task$$ExternalSyntheticLambda2.then(D8$$SyntheticClass:0)
04-05 02:37:33.405 15279 15279 E AndroidRuntime: 	at com.facebook.react.runtime.internal.bolts.Task$Companion.completeAfterTask$lambda$5(Task.kt:394)
04-05 02:37:33.405 15279 15279 E AndroidRuntime: 	at com.facebook.react.runtime.internal.bolts.Task$Companion.$r8$lambda$IPpysnehFwANEiW061YzapkMdoE(Unknown Source:0)
04-05 02:37:33.405 15279 15279 E AndroidRuntime: 	at com.facebook.react.runtime.internal.bolts.Task$Companion$$ExternalSyntheticLambda4.run(D8$$SyntheticClass:0)
04-05 02:37:33.405 15279 15279 E AndroidRuntime: 	at java.util.concurrent.ThreadPoolExecutor.runWorker(ThreadPoolExecutor.java:1154)
04-05 02:37:33.405 15279 15279 E AndroidRuntime: 	at java.util.concurrent.ThreadPoolExecutor$Worker.run(ThreadPoolExecutor.java:652)
04-05 02:37:33.405 15279 15279 E AndroidRuntime: 	at java.lang.Thread.run(Thread.java:1563)
04-05 03:01:19.608 21261 25463 E AndroidRuntime: FATAL EXCEPTION: androidmapsapi-ula-1
04-05 03:01:19.608 21261 25463 E AndroidRuntime: Process: com.hajj, PID: 21261
04-05 03:01:19.608 21261 25463 E AndroidRuntime: java.lang.IllegalStateException: API key not found.  Check that <meta-data android:name="com.google.android.geo.API_KEY" android:value="your API key"/> is in the <application> element of AndroidManifest.xml
04-05 03:01:19.608 21261 25463 E AndroidRuntime: 	at com.google.maps.api.android.lib6.common.h.b(:com.google.android.gms.policy_maps_core_dynamite@260830204@260830201025.878499810.878499810:117)
04-05 03:01:19.608 21261 25463 E AndroidRuntime: 	at com.google.maps.api.android.lib6.impl.hq.run(:com.google.android.gms.policy_maps_core_dynamite@260830204@260830201025.878499810.878499810:586)
04-05 03:01:19.608 21261 25463 E AndroidRuntime: 	at java.util.concurrent.ThreadPoolExecutor.runWorker(ThreadPoolExecutor.java:1154)
04-05 03:01:19.608 21261 25463 E AndroidRuntime: 	at java.util.concurrent.ThreadPoolExecutor$Worker.run(ThreadPoolExecutor.java:652)
04-05 03:01:19.608 21261 25463 E AndroidRuntime: 	at java.lang.Thread.run(Thread.java:1563)
04-05 03:01:59.464 22749 25649 E AndroidRuntime: FATAL EXCEPTION: mqt_v_native
04-05 03:01:59.464 22749 25649 E AndroidRuntime: Process: com.hajj, PID: 22749
04-05 03:01:59.464 22749 25649 E AndroidRuntime: java.lang.IncompatibleClassChangeError: Found interface com.google.android.gms.location.SettingsClient, but class was expected (declaration of 'com.google.android.gms.location.SettingsClient' appears in /data/app/~~vpK9zA9ZLyifFoYRN-UDCg==/com.hajj-wKxUoBBZEgKJ6dcam6HFJA==/base.apk!classes7.dex)
04-05 03:01:59.464 22749 25649 E AndroidRuntime: 	at com.agontuk.RNFusedLocation.FusedLocationProvider.checkLocationSettings(FusedLocationProvider.java:177)
04-05 03:01:59.464 22749 25649 E AndroidRuntime: 	at com.agontuk.RNFusedLocation.FusedLocationProvider.requestLocationUpdates(FusedLocationProvider.java:152)
04-05 03:01:59.464 22749 25649 E AndroidRuntime: 	at com.agontuk.RNFusedLocation.RNFusedLocationModule.startObserving(RNFusedLocationModule.java:133)
04-05 03:01:59.464 22749 25649 E AndroidRuntime: 	at com.facebook.jni.NativeRunnable.run(Native Method)
04-05 03:01:59.464 22749 25649 E AndroidRuntime: 	at android.os.Handler.handleCallback(Handler.java:958)
04-05 03:01:59.464 22749 25649 E AndroidRuntime: 	at android.os.Handler.dispatchMessage(Handler.java:99)
04-05 03:01:59.464 22749 25649 E AndroidRuntime: 	at com.facebook.react.bridge.queue.MessageQueueThreadHandler.dispatchMessage(MessageQueueThreadHandler.kt:21)
04-05 03:01:59.464 22749 25649 E AndroidRuntime: 	at android.os.Looper.loopOnce(Looper.java:243)
04-05 03:01:59.464 22749 25649 E AndroidRuntime: 	at android.os.Looper.loop(Looper.java:338)
04-05 03:01:59.464 22749 25649 E AndroidRuntime: 	at com.facebook.react.bridge.queue.MessageQueueThreadImpl$Companion.startNewBackgroundThread$lambda$0(MessageQueueThreadImpl.kt:152)
04-05 03:01:59.464 22749 25649 E AndroidRuntime: 	at com.facebook.react.bridge.queue.MessageQueueThreadImpl$Companion.$r8$lambda$YYXYCFexeoKtAeDpeNYkxZZlpbA(Unknown Source:0)
04-05 03:01:59.464 22749 25649 E AndroidRuntime: 	at com.facebook.react.bridge.queue.MessageQueueThreadImpl$Companion$$ExternalSyntheticLambda0.run(D8$$SyntheticClass:0)
04-05 03:01:59.464 22749 25649 E AndroidRuntime: 	at java.lang.Thread.run(Thread.java:1563)
04-05 03:05:29.752 25196 27842 E AndroidRuntime: FATAL EXCEPTION: mqt_v_native
04-05 03:05:29.752 25196 27842 E AndroidRuntime: Process: com.hajj, PID: 25196
04-05 03:05:29.752 25196 27842 E AndroidRuntime: java.lang.IncompatibleClassChangeError: Found interface com.google.android.gms.location.SettingsClient, but class was expected (declaration of 'com.google.android.gms.location.SettingsClient' appears in /data/app/~~vpK9zA9ZLyifFoYRN-UDCg==/com.hajj-wKxUoBBZEgKJ6dcam6HFJA==/base.apk!classes7.dex)
04-05 03:05:29.752 25196 27842 E AndroidRuntime: 	at com.agontuk.RNFusedLocation.FusedLocationProvider.checkLocationSettings(FusedLocationProvider.java:177)
04-05 03:05:29.752 25196 27842 E AndroidRuntime: 	at com.agontuk.RNFusedLocation.FusedLocationProvider.requestLocationUpdates(FusedLocationProvider.java:152)
04-05 03:05:29.752 25196 27842 E AndroidRuntime: 	at com.agontuk.RNFusedLocation.RNFusedLocationModule.startObserving(RNFusedLocationModule.java:133)
04-05 03:05:29.752 25196 27842 E AndroidRuntime: 	at com.facebook.jni.NativeRunnable.run(Native Method)
04-05 03:05:29.752 25196 27842 E AndroidRuntime: 	at android.os.Handler.handleCallback(Handler.java:958)
04-05 03:05:29.752 25196 27842 E AndroidRuntime: 	at android.os.Handler.dispatchMessage(Handler.java:99)
04-05 03:05:29.752 25196 27842 E AndroidRuntime: 	at com.facebook.react.bridge.queue.MessageQueueThreadHandler.dispatchMessage(MessageQueueThreadHandler.kt:21)
04-05 03:05:29.752 25196 27842 E AndroidRuntime: 	at android.os.Looper.loopOnce(Looper.java:243)
04-05 03:05:29.752 25196 27842 E AndroidRuntime: 	at android.os.Looper.loop(Looper.java:338)
04-05 03:05:29.752 25196 27842 E AndroidRuntime: 	at com.facebook.react.bridge.queue.MessageQueueThreadImpl$Companion.startNewBackgroundThread$lambda$0(MessageQueueThreadImpl.kt:152)
04-05 03:05:29.752 25196 27842 E AndroidRuntime: 	at com.facebook.react.bridge.queue.MessageQueueThreadImpl$Companion.$r8$lambda$YYXYCFexeoKtAeDpeNYkxZZlpbA(Unknown Source:0)
04-05 03:05:29.752 25196 27842 E AndroidRuntime: 	at com.facebook.react.bridge.queue.MessageQueueThreadImpl$Companion$$ExternalSyntheticLambda0.run(D8$$SyntheticClass:0)
04-05 03:05:29.752 25196 27842 E AndroidRuntime: 	at java.lang.Thread.run(Thread.java:1563)
04-05 03:09:05.392 25642 29160 E AndroidRuntime: FATAL EXCEPTION: mqt_v_native
04-05 03:09:05.392 25642 29160 E AndroidRuntime: Process: com.hajj, PID: 25642
04-05 03:09:05.392 25642 29160 E AndroidRuntime: java.lang.IncompatibleClassChangeError: Found interface com.google.android.gms.location.SettingsClient, but class was expected (declaration of 'com.google.android.gms.location.SettingsClient' appears in /data/app/~~RcPQuOBXZwMCMhtIFWeuHg==/com.hajj-UTzwxIWBWSgHCAuOukmfWQ==/base.apk!classes7.dex)
04-05 03:09:05.392 25642 29160 E AndroidRuntime: 	at com.agontuk.RNFusedLocation.FusedLocationProvider.checkLocationSettings(FusedLocationProvider.java:177)
04-05 03:09:05.392 25642 29160 E AndroidRuntime: 	at com.agontuk.RNFusedLocation.FusedLocationProvider.requestLocationUpdates(FusedLocationProvider.java:152)
04-05 03:09:05.392 25642 29160 E AndroidRuntime: 	at com.agontuk.RNFusedLocation.RNFusedLocationModule.startObserving(RNFusedLocationModule.java:133)
04-05 03:09:05.392 25642 29160 E AndroidRuntime: 	at com.facebook.jni.NativeRunnable.run(Native Method)
04-05 03:09:05.392 25642 29160 E AndroidRuntime: 	at android.os.Handler.handleCallback(Handler.java:958)
04-05 03:09:05.392 25642 29160 E AndroidRuntime: 	at android.os.Handler.dispatchMessage(Handler.java:99)
04-05 03:09:05.392 25642 29160 E AndroidRuntime: 	at com.facebook.react.bridge.queue.MessageQueueThreadHandler.dispatchMessage(MessageQueueThreadHandler.kt:21)
04-05 03:09:05.392 25642 29160 E AndroidRuntime: 	at android.os.Looper.loopOnce(Looper.java:243)
04-05 03:09:05.392 25642 29160 E AndroidRuntime: 	at android.os.Looper.loop(Looper.java:338)
04-05 03:09:05.392 25642 29160 E AndroidRuntime: 	at com.facebook.react.bridge.queue.MessageQueueThreadImpl$Companion.startNewBackgroundThread$lambda$0(MessageQueueThreadImpl.kt:152)
04-05 03:09:05.392 25642 29160 E AndroidRuntime: 	at com.facebook.react.bridge.queue.MessageQueueThreadImpl$Companion.$r8$lambda$YYXYCFexeoKtAeDpeNYkxZZlpbA(Unknown Source:0)
04-05 03:09:05.392 25642 29160 E AndroidRuntime: 	at com.facebook.react.bridge.queue.MessageQueueThreadImpl$Companion$$ExternalSyntheticLambda0.run(D8$$SyntheticClass:0)
04-05 03:09:05.392 25642 29160 E AndroidRuntime: 	at java.lang.Thread.run(Thread.java:1563)
04-05 03:10:24.807 25954 29434 E AndroidRuntime: FATAL EXCEPTION: mqt_v_native
04-05 03:10:24.807 25954 29434 E AndroidRuntime: Process: com.hajj, PID: 25954
04-05 03:10:24.807 25954 29434 E AndroidRuntime: java.lang.IncompatibleClassChangeError: Found interface com.google.android.gms.location.SettingsClient, but class was expected (declaration of 'com.google.android.gms.location.SettingsClient' appears in /data/app/~~RcPQuOBXZwMCMhtIFWeuHg==/com.hajj-UTzwxIWBWSgHCAuOukmfWQ==/base.apk!classes7.dex)
04-05 03:10:24.807 25954 29434 E AndroidRuntime: 	at com.agontuk.RNFusedLocation.FusedLocationProvider.checkLocationSettings(FusedLocationProvider.java:177)
04-05 03:10:24.807 25954 29434 E AndroidRuntime: 	at com.agontuk.RNFusedLocation.FusedLocationProvider.requestLocationUpdates(FusedLocationProvider.java:152)
04-05 03:10:24.807 25954 29434 E AndroidRuntime: 	at com.agontuk.RNFusedLocation.RNFusedLocationModule.startObserving(RNFusedLocationModule.java:133)
04-05 03:10:24.807 25954 29434 E AndroidRuntime: 	at com.facebook.jni.NativeRunnable.run(Native Method)
04-05 03:10:24.807 25954 29434 E AndroidRuntime: 	at android.os.Handler.handleCallback(Handler.java:958)
04-05 03:10:24.807 25954 29434 E AndroidRuntime: 	at android.os.Handler.dispatchMessage(Handler.java:99)
04-05 03:10:24.807 25954 29434 E AndroidRuntime: 	at com.facebook.react.bridge.queue.MessageQueueThreadHandler.dispatchMessage(MessageQueueThreadHandler.kt:21)
04-05 03:10:24.807 25954 29434 E AndroidRuntime: 	at android.os.Looper.loopOnce(Looper.java:243)
04-05 03:10:24.807 25954 29434 E AndroidRuntime: 	at android.os.Looper.loop(Looper.java:338)
04-05 03:10:24.807 25954 29434 E AndroidRuntime: 	at com.facebook.react.bridge.queue.MessageQueueThreadImpl$Companion.startNewBackgroundThread$lambda$0(MessageQueueThreadImpl.kt:152)
04-05 03:10:24.807 25954 29434 E AndroidRuntime: 	at com.facebook.react.bridge.queue.MessageQueueThreadImpl$Companion.$r8$lambda$YYXYCFexeoKtAeDpeNYkxZZlpbA(Unknown Source:0)
04-05 03:10:24.807 25954 29434 E AndroidRuntime: 	at com.facebook.react.bridge.queue.MessageQueueThreadImpl$Companion$$ExternalSyntheticLambda0.run(D8$$SyntheticClass:0)
04-05 03:10:24.807 25954 29434 E AndroidRuntime: 	at java.lang.Thread.run(Thread.java:1563)
04-05 03:18:37.212 27812 31719 E AndroidRuntime: FATAL EXCEPTION: mqt_v_native
04-05 03:18:37.212 27812 31719 E AndroidRuntime: Process: com.hajj, PID: 27812
04-05 03:18:37.212 27812 31719 E AndroidRuntime: java.lang.IncompatibleClassChangeError: Found interface com.google.android.gms.location.SettingsClient, but class was expected (declaration of 'com.google.android.gms.location.SettingsClient' appears in /data/app/~~_bOyqi01L8_6k_Y4y-lc0w==/com.hajj-4Tw3fFfzqOGw8fyVLkcidA==/base.apk!classes7.dex)
04-05 03:18:37.212 27812 31719 E AndroidRuntime: 	at com.agontuk.RNFusedLocation.FusedLocationProvider.checkLocationSettings(FusedLocationProvider.java:177)
04-05 03:18:37.212 27812 31719 E AndroidRuntime: 	at com.agontuk.RNFusedLocation.FusedLocationProvider.requestLocationUpdates(FusedLocationProvider.java:152)
04-05 03:18:37.212 27812 31719 E AndroidRuntime: 	at com.agontuk.RNFusedLocation.RNFusedLocationModule.startObserving(RNFusedLocationModule.java:133)
04-05 03:18:37.212 27812 31719 E AndroidRuntime: 	at com.facebook.jni.NativeRunnable.run(Native Method)
04-05 03:18:37.212 27812 31719 E AndroidRuntime: 	at android.os.Handler.handleCallback(Handler.java:958)
04-05 03:18:37.212 27812 31719 E AndroidRuntime: 	at android.os.Handler.dispatchMessage(Handler.java:99)
04-05 03:18:37.212 27812 31719 E AndroidRuntime: 	at com.facebook.react.bridge.queue.MessageQueueThreadHandler.dispatchMessage(MessageQueueThreadHandler.kt:21)
04-05 03:18:37.212 27812 31719 E AndroidRuntime: 	at android.os.Looper.loopOnce(Looper.java:243)
04-05 03:18:37.212 27812 31719 E AndroidRuntime: 	at android.os.Looper.loop(Looper.java:338)
04-05 03:18:37.212 27812 31719 E AndroidRuntime: 	at com.facebook.react.bridge.queue.MessageQueueThreadImpl$Companion.startNewBackgroundThread$lambda$0(MessageQueueThreadImpl.kt:152)
04-05 03:18:37.212 27812 31719 E AndroidRuntime: 	at com.facebook.react.bridge.queue.MessageQueueThreadImpl$Companion.$r8$lambda$YYXYCFexeoKtAeDpeNYkxZZlpbA(Unknown Source:0)
04-05 03:18:37.212 27812 31719 E AndroidRuntime: 	at com.facebook.react.bridge.queue.MessageQueueThreadImpl$Companion$$ExternalSyntheticLambda0.run(D8$$SyntheticClass:0)
04-05 03:18:37.212 27812 31719 E AndroidRuntime: 	at java.lang.Thread.run(Thread.java:1563)
04-05 03:19:23.821 29439 32393 E AndroidRuntime: FATAL EXCEPTION: mqt_v_native
04-05 03:19:23.821 29439 32393 E AndroidRuntime: Process: com.hajj, PID: 29439
04-05 03:19:23.821 29439 32393 E AndroidRuntime: java.lang.IncompatibleClassChangeError: Found interface com.google.android.gms.location.SettingsClient, but class was expected (declaration of 'com.google.android.gms.location.SettingsClient' appears in /data/app/~~_bOyqi01L8_6k_Y4y-lc0w==/com.hajj-4Tw3fFfzqOGw8fyVLkcidA==/base.apk!classes7.dex)
04-05 03:19:23.821 29439 32393 E AndroidRuntime: 	at com.agontuk.RNFusedLocation.FusedLocationProvider.checkLocationSettings(FusedLocationProvider.java:177)
04-05 03:19:23.821 29439 32393 E AndroidRuntime: 	at com.agontuk.RNFusedLocation.FusedLocationProvider.requestLocationUpdates(FusedLocationProvider.java:152)
04-05 03:19:23.821 29439 32393 E AndroidRuntime: 	at com.agontuk.RNFusedLocation.RNFusedLocationModule.startObserving(RNFusedLocationModule.java:133)
04-05 03:19:23.821 29439 32393 E AndroidRuntime: 	at com.facebook.jni.NativeRunnable.run(Native Method)
04-05 03:19:23.821 29439 32393 E AndroidRuntime: 	at android.os.Handler.handleCallback(Handler.java:958)
04-05 03:19:23.821 29439 32393 E AndroidRuntime: 	at android.os.Handler.dispatchMessage(Handler.java:99)
04-05 03:19:23.821 29439 32393 E AndroidRuntime: 	at com.facebook.react.bridge.queue.MessageQueueThreadHandler.dispatchMessage(MessageQueueThreadHandler.kt:21)
04-05 03:19:23.821 29439 32393 E AndroidRuntime: 	at android.os.Looper.loopOnce(Looper.java:243)
04-05 03:19:23.821 29439 32393 E AndroidRuntime: 	at android.os.Looper.loop(Looper.java:338)
04-05 03:19:23.821 29439 32393 E AndroidRuntime: 	at com.facebook.react.bridge.queue.MessageQueueThreadImpl$Companion.startNewBackgroundThread$lambda$0(MessageQueueThreadImpl.kt:152)
04-05 03:19:23.821 29439 32393 E AndroidRuntime: 	at com.facebook.react.bridge.queue.MessageQueueThreadImpl$Companion.$r8$lambda$YYXYCFexeoKtAeDpeNYkxZZlpbA(Unknown Source:0)
04-05 03:19:23.821 29439 32393 E AndroidRuntime: 	at com.facebook.react.bridge.queue.MessageQueueThreadImpl$Companion$$ExternalSyntheticLambda0.run(D8$$SyntheticClass:0)
04-05 03:19:23.821 29439 32393 E AndroidRuntime: 	at java.lang.Thread.run(Thread.java:1563)
--------- beginning of system
04-08 11:21:59.617  1899  2133 E TranCPUBooster: not support msg=3
04-08 11:21:59.621  1899  2133 E TranCPUBooster: not support msg=3
04-08 11:22:01.648  2648  4205 E ApplicationPackageManager: start update Icon Color!
04-08 11:22:01.698  2648  4205 E ApplicationPackageManager: start update Icon Color!
04-08 11:22:01.884 22343 22343 E ActivityThread: Failed to find provider info for com.transsion.cutepet.provider
04-08 11:22:03.417 22343 22343 E TranChoreographerImpl: skippedFrames: 58
04-08 11:22:03.477 22343 22343 E ApplicationPackageManager: start update Icon Color!
04-08 11:22:03.529 22343 22343 E ApplicationPackageManager: start update Icon Color!
04-08 11:22:03.561 22343 22343 E ApplicationPackageManager: start update Icon Color!
04-08 11:22:03.811  1899  2573 E  Aurora_Exception :  exception PolicyManager=getUserPreloadPolicy fail,userList is null
04-08 11:22:03.844  1899  2573 E  Aurora_Exception :  exception PolicyManager=getUserPreloadPolicy fail,userList is null
04-08 11:22:03.985 22343 22488 E TranFrameTrackerImpl: updateFrameMillisGears not found. ret!!! 
04-08 11:22:03.985 22343 22488 E TranFrameTrackerImpl: android.content.res.Resources$NotFoundException: String array resource ID #0x0
04-08 11:22:03.985 22343 22488 E TranFrameTrackerImpl: 	at android.content.res.Resources.getStringArray(Resources.java:696)
04-08 11:22:03.985 22343 22488 E TranFrameTrackerImpl: 	at com.transsion.hubcore.internal.jank.TranFrameTrackerImpl.updateFrameMillisGears(TranFrameTrackerImpl.java:88)
04-08 11:22:03.985 22343 22488 E TranFrameTrackerImpl: 	at com.android.internal.jank.InteractionJankMonitor.lambda$new$1(InteractionJankMonitor.java:513)
04-08 11:22:03.985 22343 22488 E TranFrameTrackerImpl: 	at com.android.internal.jank.InteractionJankMonitor$$ExternalSyntheticLambda3.run(Unknown Source:0)
04-08 11:22:03.985 22343 22488 E TranFrameTrackerImpl: 	at android.os.Handler.handleCallback(Handler.java:958)
04-08 11:22:03.985 22343 22488 E TranFrameTrackerImpl: 	at android.os.Handler.dispatchMessage(Handler.java:99)
04-08 11:22:03.985 22343 22488 E TranFrameTrackerImpl: 	at android.os.Looper.loopOnce(Looper.java:243)
04-08 11:22:03.985 22343 22488 E TranFrameTrackerImpl: 	at android.os.Looper.loop(Looper.java:338)
04-08 11:22:03.985 22343 22488 E TranFrameTrackerImpl: 	at android.os.HandlerThread.run(HandlerThread.java:67)
04-08 11:22:21.734  1899  4746 E ShortcutService: Invalid icon type in shortcut 167989726986384@lid. Bitmaps are not allowed in long-lived shortcuts. Use Resource icons, or Uri-based icons instead.
04-08 11:22:53.430 22343 22343 E ApplicationPackageManager: start update Icon Color!
04-08 11:22:53.450 22343 22343 E ApplicationPackageManager: start update Icon Color!
04-08 11:22:53.475 22343 22343 E ApplicationPackageManager: start update Icon Color!
04-08 11:22:59.947  2648  2686 E ApplicationPackageManager: start update Icon Color!
04-08 11:22:59.951  2648  2686 E ApplicationPackageManager: start update Icon Color!
04-08 11:23:55.658  1899  4746 E ShortcutService: Invalid icon type in shortcut 167989726986384@lid. Bitmaps are not allowed in long-lived shortcuts. Use Resource icons, or Uri-based icons instead.
04-08 11:24:45.315  1899  5203 E ShortcutService: Invalid icon type in shortcut 167989726986384@lid. Bitmaps are not allowed in long-lived shortcuts. Use Resource icons, or Uri-based icons instead.
04-08 11:24:49.910 24400 24446 E ActivityThread: Failed to find provider info for com.facebook.appmanager.nekodirect
04-08 11:25:05.103  1899  5211 E ShortcutService: Invalid icon type in shortcut 167989726986384@lid. Bitmaps are not allowed in long-lived shortcuts. Use Resource icons, or Uri-based icons instead.
04-08 11:25:17.737  1899  2719 E ShortcutService: Invalid icon type in shortcut 167989726986384@lid. Bitmaps are not allowed in long-lived shortcuts. Use Resource icons, or Uri-based icons instead.
04-08 11:25:18.039 22343 22343 E ApplicationPackageManager: start update Icon Color!
04-08 11:25:18.109  1899  1899 E NotificationService: Muting recently noisy 0|com.whatsapp|23|null|10246
04-08 11:25:18.145  1899  2738 E ActivityTaskManager: AppLaunchTracker getTaskIndex error: task is null.
04-08 11:25:18.194  2648  2648 E ApplicationPackageManager: start update Icon Color!
04-08 11:25:18.557  1899  5211 E Transition: show defaultTaskDisplayArea
04-08 11:25:18.605  1899  1899 E ActivityManager: Cancel pending or running compactions as system is awake
04-08 11:25:18.943  1899  2573 E  Aurora_Exception :  exception PolicyManager=getUserPreloadPolicy fail,userList is null
04-08 11:25:18.957  1899  2573 E  Aurora_Exception :  exception PolicyManager=getUserPreloadPolicy fail,userList is null
04-08 11:25:19.010  2648 32572 E ApplicationPackageManager: start update Icon Color!
04-08 11:25:19.012  2648 32572 E ApplicationPackageManager: start update Icon Color!
04-08 11:25:19.021  2648 21957 E ApplicationPackageManager: start update Icon Color!
04-08 11:25:19.030  2648 21957 E ApplicationPackageManager: start update Icon Color!
04-08 11:25:19.035  2648 21957 E ApplicationPackageManager: start update Icon Color!
04-08 11:25:19.040  2648 21957 E ApplicationPackageManager: start update Icon Color!
04-08 11:25:22.322  1899  2133 E TranCPUBooster: not support msg=3
04-08 11:25:22.395  1899  2133 E TranCPUBooster: not support msg=3
04-08 11:25:22.395  1899  2133 E TranCPUBooster: not support msg=3
04-08 11:25:22.641  2648  2696 E ApplicationPackageManager: start update Icon Color!
04-08 11:25:22.651  2648  2696 E ApplicationPackageManager: start update Icon Color!
04-08 11:25:22.663  2648  2696 E ApplicationPackageManager: start update Icon Color!
04-08 11:25:22.665  2648  2696 E ApplicationPackageManager: start update Icon Color!
04-08 11:25:25.395  1899  2133 E TranCPUBooster: not support msg=3
04-08 11:25:42.421  1899  2733 E ShortcutService: Invalid icon type in shortcut 167989726986384@lid. Bitmaps are not allowed in long-lived shortcuts. Use Resource icons, or Uri-based icons instead.
04-08 11:25:45.650  1899  5203 E ShortcutService: Invalid icon type in shortcut 167989726986384@lid. Bitmaps are not allowed in long-lived shortcuts. Use Resource icons, or Uri-based icons instead.
04-08 11:28:32.704  1899  2133 E TranCPUBooster: not support msg=3
04-08 11:28:32.795  1899  2133 E TranCPUBooster: not support msg=3
04-08 11:28:48.840  2648 22140 E ApplicationPackageManager: start update Icon Color!
04-08 11:28:48.847  2648 22140 E ApplicationPackageManager: start update Icon Color!
04-08 11:28:48.857  2648 22140 E ApplicationPackageManager: start update Icon Color!
04-08 11:28:48.860  2648 22140 E ApplicationPackageManager: start update Icon Color!
04-08 11:28:48.868  2648 12539 E ApplicationPackageManager: start update Icon Color!
04-08 11:28:48.871  2648 12539 E ApplicationPackageManager: start update Icon Color!
04-08 11:28:49.078  1899  1899 E NotificationService: Muting recently noisy 0|com.whatsapp|23|null|10246
04-08 11:28:49.215 12768 12768 E AppResolutionTuner: Target file doesn't exist: vendor/etc/resolution_tuner_app_list.xml
04-08 11:28:49.216 12768 12768 E AppResolutionTuner: Target file doesn't exist: vendor/etc/resolution_tuner_app_list.xml
04-08 11:28:49.476 12768 12768 E TranChoreographerImpl: skippedFrames: 32
04-08 11:28:49.496  2648  2696 E ApplicationPackageManager: start update Icon Color!
04-08 11:28:49.500  2648  2696 E ApplicationPackageManager: start update Icon Color!
04-08 11:28:51.333  1899  2133 E TranCPUBooster: not support msg=3
04-08 11:28:51.440  1899  2133 E TranCPUBooster: not support msg=3
04-08 11:28:51.590  2648  2686 E ApplicationPackageManager: start update Icon Color!
04-08 11:28:51.592  2648  2686 E ApplicationPackageManager: start update Icon Color!
04-08 11:28:51.663  2648  2686 E ApplicationPackageManager: start update Icon Color!
04-08 11:28:51.664  2648  2686 E ApplicationPackageManager: start update Icon Color!
04-08 11:28:56.732  2648 32572 E ApplicationPackageManager: start update Icon Color!
04-08 11:28:56.741  2648 32572 E ApplicationPackageManager: start update Icon Color!
04-08 11:28:56.745  2648 32572 E ApplicationPackageManager: start update Icon Color!
04-08 11:28:56.750  2648 32572 E ApplicationPackageManager: start update Icon Color!
04-08 11:28:56.754  2648 32572 E ApplicationPackageManager: start update Icon Color!
04-08 11:28:56.759  2648 32572 E ApplicationPackageManager: start update Icon Color!
04-08 11:28:57.378  2648  2820 E ApplicationPackageManager: start update Icon Color!
04-08 11:28:57.383  2648  2820 E ApplicationPackageManager: start update Icon Color!
04-08 11:29:03.054  1899  2133 E TranCPUBooster: not support msg=3
04-08 11:29:03.132  1899  2133 E TranCPUBooster: not support msg=3
04-08 11:29:03.136  1899  2133 E TranCPUBooster: not support msg=3
04-08 11:29:03.287  2648  3579 E ApplicationPackageManager: start update Icon Color!
04-08 11:29:03.290  2648  3579 E ApplicationPackageManager: start update Icon Color!
04-08 11:29:04.191  1899  2321 E Transition: wc = DefaultTaskDisplayArea@87453867 nowVisible = false
04-08 11:29:04.359  1899  2321 E Transition: show defaultTaskDisplayArea
04-08 11:29:05.451  1899  1979 E AlarmManager: Attempt to decrement existing alarm count 0 by 1 for uid 1000
04-08 11:29:05.465  1899  1979 E AlarmManager: Attempt to decrement existing alarm count 0 by 1 for uid 1000
04-08 11:29:06.137  1899  2133 E TranCPUBooster: not support msg=3
04-08 11:29:06.369  1899  1922 E Transition: Trying to add a ready-group twice: Display{#0 state=ON size=1080x2436 ROTATION_0}
04-08 11:29:11.767  1899  4746 E ActivityTaskManager: AppLaunchTracker getTaskIndex error: task is null.
04-08 11:29:12.129  1899  2133 E TranCPUBooster: not support msg=3
04-08 11:29:12.209  1899  2133 E TranCPUBooster: not support msg=3
04-08 11:29:12.211  1899  2133 E TranCPUBooster: not support msg=3
04-08 11:29:12.887  1899  2133 E TranCPUBooster: not support msg=3
04-08 11:29:12.887  1899  2133 E TranCPUBooster: not support msg=3
04-08 11:29:12.941  1899  2133 E TranCPUBooster: not support msg=3
04-08 11:29:12.944  1899  2133 E TranCPUBooster: not support msg=3
04-08 11:29:13.120  1899  2133 E TranCPUBooster: not support msg=3
04-08 11:29:13.498  1899  2133 E TranCPUBooster: not support msg=3
04-08 11:29:13.541  1899  2133 E TranCPUBooster: not support msg=3
04-08 11:29:13.542  1899  2133 E TranCPUBooster: not support msg=3
04-08 11:29:14.533  2648 21957 E ApplicationPackageManager: start update Icon Color!
04-08 11:29:14.535  2648 21957 E ApplicationPackageManager: start update Icon Color!
04-08 11:29:16.543  1899  2133 E TranCPUBooster: not support msg=3
04-08 11:29:19.145  1899  5216 E ShortcutService: Invalid icon type in shortcut 167989726986384@lid. Bitmaps are not allowed in long-lived shortcuts. Use Resource icons, or Uri-based icons instead.
04-08 11:29:26.608  1899  2133 E TranCPUBooster: not support msg=3
04-08 11:29:26.614  1899  2133 E TranCPUBooster: not support msg=3
04-08 11:29:26.615  1899  2133 E TranCPUBooster: not support msg=3
04-08 11:29:27.751 25345 25345 E ActivityThread: Failed to find provider info for bluetooth_legacy.provider
04-08 11:29:28.235 25258 25258 E TranChoreographerImpl: skippedFrames: 51
04-08 11:29:28.520 25234 25234 E TranChoreographerImpl: skippedFrames: 83
04-08 11:29:29.629  1899  2133 E TranCPUBooster: not support msg=3
04-08 11:29:38.533  1899  2133 E TranCPUBooster: not support msg=3
04-08 11:29:38.571  1899  2133 E TranCPUBooster: not support msg=3
04-08 11:29:38.572  1899  2133 E TranCPUBooster: not support msg=3
04-08 11:29:38.898  1899  2133 E TranCPUBooster: not support msg=3
04-08 11:29:38.898  1899  2133 E TranCPUBooster: not support msg=3
04-08 11:29:38.916  1899  2133 E TranCPUBooster: not support msg=3
04-08 11:29:38.917  1899  2133 E TranCPUBooster: not support msg=3
04-08 11:29:41.919  1899  2133 E TranCPUBooster: not support msg=3
04-08 11:29:47.067 25688 25993 E ActivityThread: Failed to find provider info for com.microsoft.appmanager.microsoft.identity.broker
04-08 11:29:47.355 26017 26017 E ActivityThread: Failed to find provider info for com.microsoft.yourphonecompanion.contentprovider.featureoverride
04-08 11:29:48.844 26017 26035 E ActivityThread: Failed to find provider info for com.microsoft.intune.mam.policy
04-08 11:29:57.025  1899  2322 E ShortcutService: Invalid icon type in shortcut 167989726986384@lid. Bitmaps are not allowed in long-lived shortcuts. Use Resource icons, or Uri-based icons instead.
04-08 11:30:06.965  1899  5087 E ActivityTaskManager: AppLaunchTracker getTaskIndex error: task is null.
04-08 11:30:10.376 26510 26510 E TranChoreographerImpl: skippedFrames: 162
04-08 11:30:10.815 26541 26541 E TranChoreographerImpl: skippedFrames: 205
04-08 11:30:12.940  1899  2573 E  Aurora_Exception :  exception PolicyManager=getUserPreloadPolicy fail,userList is null
04-08 11:30:13.052  2619  3470 E ApplicationPackageManager: start update Icon Color!
04-08 11:30:13.142  1899  2367 E HandwritingModeController: Cannot get requestId: Handwriting was not initialized.
04-08 11:30:14.351  1899  5203 E debug_TransitionController: this is Task{df071b2 #17493 type=standard A=10246:com.whatsapp} isVisibleRequested false
04-08 11:30:29.861 27668 27710 E ActivityThread: Failed to find provider info for com.lemon.faceuassist.provider
04-08 11:30:30.850 27668 27668 E TranChoreographerImpl: skippedFrames: 53
04-08 11:32:21.602  1899  2133 E TranCPUBooster: not support msg=3
04-08 11:32:23.084  1899  2133 E TranCPUBooster: not support msg=3
04-08 11:33:05.713  1899  4985 E ShortcutService: Invalid icon type in shortcut 167989726986384@lid. Bitmaps are not allowed in long-lived shortcuts. Use Resource icons, or Uri-based icons instead.
04-08 11:33:22.837 21619 21651 E ActivityThread: Failed to find provider info for com.gallery20.StoryAlbumProvider
04-08 11:33:35.690 27262 27366 E ApplicationPackageManager: start update Icon Color!
04-08 11:33:35.709 26510 26654 E ApplicationPackageManager: start update Icon Color!
04-08 11:33:35.796 14159 28593 E ApplicationPackageManager: start update Icon Color!
04-08 11:33:35.895  1899  2459 E AppOps  : attributionTag VCN not declared in manifest of android
04-08 11:33:35.898  1899  2459 E AppOps  : attributionTag VCN not declared in manifest of android
04-08 11:33:35.898  1899  2459 E AppOps  : attributionTag VCN not declared in manifest of android
04-08 11:33:35.902  1899  2459 E AppOps  : attributionTag VCN not declared in manifest of android
04-08 11:33:35.902  1899  2459 E AppOps  : attributionTag VCN not declared in manifest of android
04-08 11:33:35.903  1899  2459 E AppOps  : attributionTag VCN not declared in manifest of android
04-08 11:33:35.947  1899  2459 E AppOps  : attributionTag VCN not declared in manifest of android
04-08 11:33:35.947  1899  2459 E AppOps  : attributionTag VCN not declared in manifest of android
04-08 11:33:35.947  1899  2459 E AppOps  : attributionTag VCN not declared in manifest of android
04-08 11:33:36.371  1899  5211 E ActivityTaskManager: AppLaunchTracker getTaskIndex error: task is null.
04-08 11:33:37.475 28705 28705 E ApplicationPackageManager: start update Icon Color!
04-08 11:33:38.135 25881 25881 E TranChoreographerImpl: skippedFrames: 62
04-08 11:33:40.981  1899  2133 E TranCPUBooster: not support msg=3
04-08 11:33:40.985  1899  2133 E TranCPUBooster: not support msg=3
04-08 11:33:40.986  1899  2133 E TranCPUBooster: not support msg=3
04-08 11:33:42.510  1899  2133 E TranCPUBooster: not support msg=3
04-08 11:33:42.511  1899  2133 E TranCPUBooster: not support msg=3
04-08 11:33:42.519  1899  2133 E TranCPUBooster: not support msg=3
04-08 11:33:42.522  1899  2133 E TranCPUBooster: not support msg=3
04-08 11:33:42.529  1899  2133 E TranCPUBooster: not support msg=3
04-08 11:33:42.906  1899  2133 E TranCPUBooster: not support msg=3
04-08 11:33:42.944  1899  2133 E TranCPUBooster: not support msg=3
04-08 11:33:44.551  1899  4612 E ShortcutService: Invalid icon type in shortcut 167989726986384@lid. Bitmaps are not allowed in long-lived shortcuts. Use Resource icons, or Uri-based icons instead.
04-08 11:33:57.026  1899  2133 E TranCPUBooster: not support msg=3
04-08 11:33:57.057  1899  2133 E TranCPUBooster: not support msg=3
04-08 11:33:57.058  1899  2133 E TranCPUBooster: not support msg=3
04-08 11:33:57.332  1899  2133 E TranCPUBooster: not support msg=3
04-08 11:33:57.334  1899  2133 E TranCPUBooster: not support msg=3
04-08 11:33:57.350  1899  2133 E TranCPUBooster: not support msg=3
04-08 11:33:57.351  1899  2133 E TranCPUBooster: not support msg=3
