04-08 11:35:42.556  1340  3663 E BufferQueueDebug: [5945922 ActivityRecordInputSink com.transsion.hilauncher/com.android.quickstep.src.com.android.launcher3.uioverrides.QuickstepLauncher#859482](this:0xb40000744db73350,id:-1,api:0,p:-1,c:-1) id info cannot be read from '5945922 ActivityRecordInputSink com.transsion.hilauncher/com.android.quickstep.src.com.android.launcher3.uioverrides.QuickstepLauncher#859482'
04-08 11:35:42.595  1312  1326 E mtkpower@impl: [setMode] unknown type
04-08 11:35:42.607  1340  3663 E BufferQueueDebug: [Surface(name=bf943e7 InputMethod)/@0x61fe63d - animation-leash of insets_animation#859483](this:0xb40000744dcce9f0,id:-1,api:0,p:-1,c:-1) id info cannot be read from 'Surface(name=bf943e7 InputMethod)/@0x61fe63d - animation-leash of insets_animation#859483'
04-08 11:35:42.801  2648  2789 E ndroid.systemui: == MALI DEBUG ===eglp_winsys_populate_image_templates ==12288
04-08 11:35:42.803  2648  2789 E ndroid.systemui: == MALI DEBUG ===eglp_winsys_populate_image_templates ==12288
04-08 11:35:42.819  2648  2789 E ndroid.systemui: == MALI DEBUG ===eglp_winsys_populate_image_templates ==12288
04-08 11:35:42.821  2648  2789 E ndroid.systemui: == MALI DEBUG ===eglp_winsys_populate_image_templates ==12288
04-08 11:35:42.828  1312  1326 E mtkpower@impl: [setMode] unknown type
04-08 11:35:42.835  2648  2789 E ndroid.systemui: == MALI DEBUG ===eglp_winsys_populate_image_templates ==12288
04-08 11:35:42.838  2648  2789 E ndroid.systemui: == MALI DEBUG ===eglp_winsys_populate_image_templates ==12288
04-08 11:35:42.841  2648  2648 E ContrastColorUtil: background can not be translucent: #f0252525
04-08 11:35:42.888  1899  2521 E system_server: == MALI DEBUG ===eglp_winsys_populate_image_templates ==12288
04-08 11:35:42.898  1340  3663 E BufferQueueDebug: [Surface(name=a8a946e StatusBar)/@0x95d1d27 - animation-leash of insets_animation#859484](this:0xb40000744db6aaa0,id:-1,api:0,p:-1,c:-1) id info cannot be read from 'Surface(name=a8a946e StatusBar)/@0x95d1d27 - animation-leash of insets_animation#859484'
04-08 11:35:42.920  1340  3663 E BufferQueueDebug: [NotificationShade#859485](this:0xb40000744db705c0,id:-1,api:0,p:-1,c:-1) id info cannot be read from 'NotificationShade#859485'
04-08 11:35:42.925  2648  2791 E OpenGLRenderer: Unable to match the desired swap behavior.
04-08 11:35:42.933  1340  1410 E surfaceflinger: == MALI DEBUG ===eglp_winsys_populate_image_templates ==12288
04-08 11:35:42.941  1340  1410 E surfaceflinger: == MALI DEBUG ===eglp_winsys_populate_image_templates ==12288
04-08 11:35:42.963  2648  2791 E ndroid.systemui: == MALI DEBUG ===eglp_winsys_populate_image_templates ==12288
04-08 11:35:42.966  1340  1410 E surfaceflinger: == MALI DEBUG ===eglp_winsys_populate_image_templates ==12288
04-08 11:35:42.984  1340  1410 E surfaceflinger: == MALI DEBUG ===eglp_winsys_populate_image_templates ==12288
04-08 11:35:42.993  1340  1410 E surfaceflinger: == MALI DEBUG ===eglp_winsys_populate_image_templates ==12288
04-08 11:35:43.010  1340  1410 E surfaceflinger: == MALI DEBUG ===eglp_winsys_populate_image_templates ==12288
04-08 11:35:43.024  1340  1410 E surfaceflinger: == MALI DEBUG ===eglp_winsys_populate_image_templates ==12288
04-08 11:35:43.128 25882 29902 E unknown:SurfaceMountingManager: Stopping surface [1]
04-08 11:35:43.303 25882 25882 E unknown:ReactNative: Tried to remove non-existent frame callback
04-08 11:35:43.326  1340  1410 E surfaceflinger: == MALI DEBUG ===eglp_winsys_populate_image_templates ==12288
04-08 11:35:43.339  1340  1406 E BufferQueueDebug: [Task=17507#859486](this:0xb40000744dc51530,id:-1,api:0,p:-1,c:-1) id info cannot be read from 'Task=17507#859486'
04-08 11:35:43.345 25882 25882 E TranChoreographerImpl: skippedFrames: 47
04-08 11:35:43.399 25882 25882 E unknown:SurfaceMountingManager: Surface [1] was stopped on SurfaceMountingManager.
04-08 11:35:43.489  1272  1782 E OemNetd : transmitAppUidToNetwork uid=(0)
04-08 11:35:43.630 25345 25490 E BluetoothAdapterService: isSupported: Remote Device Uuids Empty
04-08 11:35:43.633 25345 25490 E BluetoothAdapterService: isSupported: Remote Device Uuids Empty
04-08 11:35:43.644   568   568 E lowmemorykiller: /proc/lmk_optimize/whitelist_pids open: No such file or directory
04-08 11:35:43.648   568   579 E lowmemorykiller: process_mrelease 27502 failed: No such process
04-08 11:35:44.549  1340  1527 E SurfaceFlinger: MtkDuration override mode is disabled
04-08 11:35:45.129  1312  1356 E libPowerHal: [getCPUFreq] error cid:2, nClusterNum:2
04-08 11:35:45.133  2648  2648 E SlideDampingBounceHelper: handleDownTouchEvent mTrackingPointerId=0
04-08 11:35:45.164  1340  1340 E SurfaceFlinger: MtkDuration override mode is disabled
04-08 11:35:45.200  2648  2791 E ndroid.systemui: == MALI DEBUG ===eglp_winsys_populate_image_templates ==12288
04-08 11:35:45.926 25345 25490 E BluetoothAdapterService: isSupported: Remote Device Uuids Empty
04-08 11:35:46.396  2985  2985 E MtkPhoneIntfMgrEx: MainThreadHandler.handleMessage : 3
04-08 11:35:47.426  1340  1527 E SurfaceFlinger: MtkDuration override mode is disabled
04-08 11:35:48.301 25345 25490 E BluetoothAdapterService: isSupported: Remote Device Uuids Empty
04-08 11:35:48.306 25345 25490 E BluetoothAdapterService: isSupported: Remote Device Uuids Empty
04-08 11:35:48.430 25345 25490 E BluetoothAdapterService: isSupported: Remote Device Uuids Empty
04-08 11:35:50.296  1340  1340 E SurfaceFlinger: MtkDuration override mode is disabled
04-08 11:35:50.700 25345 25490 E BluetoothAdapterService: isSupported: Remote Device Uuids Empty
04-08 11:35:50.791 25345 25490 E BluetoothAdapterService: isSupported: Remote Device Uuids Empty
04-08 11:35:50.822 25345 25490 E BluetoothAdapterService: isSupported: Remote Device Uuids Empty
04-08 11:35:51.514  2985  2985 E MtkPhoneIntfMgrEx: MainThreadHandler.handleMessage : 3
04-08 11:35:51.522  1340  1527 E SurfaceFlinger: MtkDuration override mode is disabled
04-08 11:35:52.283  1340  1340 E SurfaceFlinger: MtkDuration override mode is disabled
04-08 11:35:52.569  1312  1356 E libPowerHal: [getCPUFreq] error cid:2, nClusterNum:2
04-08 11:35:52.585  1340  1410 E surfaceflinger: == MALI DEBUG ===eglp_winsys_populate_image_templates ==12288
04-08 11:35:52.595  1899  2133 E TranCPUBooster: not support msg=3
04-08 11:35:52.603  1340  1410 E surfaceflinger: == MALI DEBUG ===eglp_winsys_populate_image_templates ==12288
04-08 11:35:52.608  1340  1410 E surfaceflinger: == MALI DEBUG ===eglp_winsys_populate_image_templates ==12288
04-08 11:35:52.610  1340  1410 E surfaceflinger: == MALI DEBUG ===eglp_winsys_populate_image_templates ==12288
04-08 11:35:52.616  1340  1410 E surfaceflinger: == MALI DEBUG ===eglp_winsys_populate_image_templates ==12288
04-08 11:35:52.618  1899  2133 E TranCPUBooster: not support msg=3
04-08 11:35:53.100 25345 25490 E BluetoothAdapterService: isSupported: Remote Device Uuids Empty
04-08 11:35:53.108 25345 25490 E BluetoothAdapterService: isSupported: Remote Device Uuids Empty
04-08 11:35:53.121 25345 25490 E BluetoothAdapterService: isSupported: Remote Device Uuids Empty
04-08 11:35:53.144  1312  1356 E libPowerHal: [getCPUFreq] error cid:2, nClusterNum:2
04-08 11:35:53.169 25345 25490 E BluetoothAdapterService: isSupported: Remote Device Uuids Empty
04-08 11:35:53.174  1899  2133 E TranCPUBooster: not support msg=3
04-08 11:35:53.187  1899  2133 E TranCPUBooster: not support msg=3
04-08 11:35:53.382  1899  4696 E ShortcutService: Invalid icon type in shortcut 167989726986384@lid. Bitmaps are not allowed in long-lived shortcuts. Use Resource icons, or Uri-based icons instead.
04-08 11:35:53.520  4461  4461 E SP_ShortcutModel: onShortcutsChanged: com.whatsapp
04-08 11:35:54.620  1340  1527 E SurfaceFlinger: MtkDuration override mode is disabled
04-08 11:35:55.303  1340  1340 E SurfaceFlinger: MtkDuration override mode is disabled
04-08 11:35:55.514 25345 25490 E BluetoothAdapterService: isSupported: Remote Device Uuids Empty
04-08 11:35:55.578 25345 25490 E BluetoothAdapterService: isSupported: Remote Device Uuids Empty
04-08 11:35:55.597 25345 25490 E BluetoothAdapterService: isSupported: Remote Device Uuids Empty
04-08 11:35:55.619 25345 25490 E BluetoothAdapterService: isSupported: Remote Device Uuids Empty
04-08 11:35:56.397  1340  1340 E SurfaceFlinger: MtkDuration override mode is disabled
04-08 11:35:56.633  2985  2985 E MtkPhoneIntfMgrEx: MainThreadHandler.handleMessage : 3
04-08 11:35:57.911 25345 25490 E BluetoothAdapterService: isSupported: Remote Device Uuids Empty
04-08 11:35:58.022 25345 25490 E BluetoothAdapterService: isSupported: Remote Device Uuids Empty
04-08 11:36:00.295 25345 25490 E BluetoothAdapterService: isSupported: Remote Device Uuids Empty
04-08 11:36:00.312 29802 29859 E SQLiteLog: (283) recovered 545 frames from WAL file /data/data/com.snapchat.android/databases/durable_job-wal
04-08 11:36:00.328 25345 25490 E BluetoothAdapterService: isSupported: Remote Device Uuids Empty
04-08 11:36:00.381 25345 25490 E BluetoothAdapterService: isSupported: Remote Device Uuids Empty
04-08 11:36:00.435 25345 25490 E BluetoothAdapterService: isSupported: Remote Device Uuids Empty
04-08 11:36:00.439 25345 25490 E BluetoothAdapterService: isSupported: Remote Device Uuids Empty
04-08 11:36:00.765  2648  2648 E ContrastColorUtil: background can not be translucent: #f0252525
04-08 11:36:01.109  2985  2985 E MtkPhoneIntfMgrEx: MainThreadHandler.handleMessage : 3
04-08 11:36:01.110  4461  4461 E SP_ShortcutModel: onShortcutsChanged: com.snapchat.android
04-08 11:36:01.276  1340  1340 E SurfaceFlinger: MtkDuration override mode is disabled
04-08 11:36:01.460  2648 22405 E ndroid.systemui: == MALI DEBUG ===eglp_winsys_populate_image_templates ==12288
04-08 11:36:01.498  2648  2789 E ndroid.systemui: == MALI DEBUG ===eglp_winsys_populate_image_templates ==12288
04-08 11:36:01.499  2648  2789 E ndroid.systemui: == MALI DEBUG ===eglp_winsys_populate_image_templates ==12288
04-08 11:36:01.513  2648  2789 E ndroid.systemui: == MALI DEBUG ===eglp_winsys_populate_image_templates ==12288
04-08 11:36:01.514  2648  2789 E ndroid.systemui: == MALI DEBUG ===eglp_winsys_populate_image_templates ==12288
04-08 11:36:01.527  2648  2789 E ndroid.systemui: == MALI DEBUG ===eglp_winsys_populate_image_templates ==12288
04-08 11:36:01.529  2648  2789 E ndroid.systemui: == MALI DEBUG ===eglp_winsys_populate_image_templates ==12288
04-08 11:36:01.539  2648  2789 E ndroid.systemui: == MALI DEBUG ===eglp_winsys_populate_image_templates ==12288
04-08 11:36:01.541  2648  2789 E ndroid.systemui: == MALI DEBUG ===eglp_winsys_populate_image_templates ==12288
04-08 11:36:01.550  2648  2648 E ContrastColorUtil: background can not be translucent: #f0252525
04-08 11:36:01.552  2648  2648 E ContrastColorUtil: background can not be translucent: #f0252525
04-08 11:36:01.553  2648  2648 E ContrastColorUtil: background can not be translucent: #f0252525
04-08 11:36:01.555  2648  2648 E ContrastColorUtil: background can not be translucent: #f0252525
04-08 11:36:01.557  2648  2648 E ContrastColorUtil: background can not be translucent: #f0252525
04-08 11:36:01.558  2648  2648 E ContrastColorUtil: background can not be translucent: #f0252525
04-08 11:36:01.560  2648  2648 E ContrastColorUtil: background can not be translucent: #f0252525
04-08 11:36:01.562  2648  2648 E ContrastColorUtil: background can not be translucent: #f0252525
04-08 11:36:01.564  2648  2648 E ContrastColorUtil: background can not be translucent: #f0252525
04-08 11:36:01.566  2648  2648 E ContrastColorUtil: background can not be translucent: #f0252525
04-08 11:36:01.568  2648  2648 E ContrastColorUtil: background can not be translucent: #f0252525
04-08 11:36:01.570  2648  2648 E ContrastColorUtil: background can not be translucent: #f0252525
04-08 11:36:01.571  2648  2648 E ContrastColorUtil: background can not be translucent: #f0252525
04-08 11:36:01.573  2648  2648 E ContrastColorUtil: background can not be translucent: #f0252525
04-08 11:36:01.575  2648  2648 E ContrastColorUtil: background can not be translucent: #f0252525
04-08 11:36:01.577  2648  2648 E ContrastColorUtil: background can not be translucent: #f0252525
04-08 11:36:01.675  2648  2791 E ndroid.systemui: == MALI DEBUG ===eglp_winsys_populate_image_templates ==12288
04-08 11:36:01.885  2985  2985 E MtkPhoneIntfMgrEx: MainThreadHandler.handleMessage : 3
04-08 11:36:01.893  2985  2985 E MtkPhoneIntfMgrEx: MainThreadHandler.handleMessage : 3
04-08 11:36:02.425  2985  2985 E MtkPhoneIntfMgrEx: MainThreadHandler.handleMessage : 3
04-08 11:36:02.430  2985  2985 E MtkPhoneIntfMgrEx: MainThreadHandler.handleMessage : 3
04-08 11:36:02.431  2985  2985 E MtkPhoneIntfMgrEx: MainThreadHandler.handleMessage : 3
04-08 11:36:02.433  2985  2985 E MtkPhoneIntfMgrEx: MainThreadHandler.handleMessage : 3
04-08 11:36:02.675 25345 25490 E BluetoothAdapterService: isSupported: Remote Device Uuids Empty
04-08 11:36:02.771 25345 25490 E BluetoothAdapterService: isSupported: Remote Device Uuids Empty
04-08 11:36:03.076  2985  2985 E MtkPhoneIntfMgrEx: MainThreadHandler.handleMessage : 3
04-08 11:36:03.077  2985  2985 E MtkPhoneIntfMgrEx: MainThreadHandler.handleMessage : 3
04-08 11:36:03.129  2985  2985 E MtkPhoneIntfMgrEx: MainThreadHandler.handleMessage : 3
04-08 11:36:03.249  1340  1527 E SurfaceFlinger: MtkDuration override mode is disabled
04-08 11:36:03.803  2985  2985 E MtkPhoneIntfMgrEx: MainThreadHandler.handleMessage : 3
04-08 11:36:04.139 14661 14661 E Athena  : ------------------------------------------------------------
04-08 11:36:04.139 14661 14661 E Athena  : 
04-08 11:36:04.139 14661 14661 E Athena  :   - Athena is in Release mode with log enabled. Please set AthenaAnalytics.setDebug(false) to release this APK （Debug模式）[com.android.settings]
04-08 11:36:04.139 14661 14661 E Athena  : 
04-08 11:36:04.139 14661 14661 E Athena  : ------------------------------------------------------------
04-08 11:36:05.080 25345 25490 E BluetoothAdapterService: isSupported: Remote Device Uuids Empty
04-08 11:36:05.106 25345 25490 E BluetoothAdapterService: isSupported: Remote Device Uuids Empty
04-08 11:36:05.188 25345 25490 E BluetoothAdapterService: isSupported: Remote Device Uuids Empty
04-08 11:36:05.197 25345 25490 E BluetoothAdapterService: isSupported: Remote Device Uuids Empty
04-08 11:36:05.239 25345 25490 E BluetoothAdapterService: isSupported: Remote Device Uuids Empty
04-08 11:36:05.348  1340  1340 E SurfaceFlinger: MtkDuration override mode is disabled
04-08 11:36:06.228  2985  2985 E MtkPhoneIntfMgrEx: MainThreadHandler.handleMessage : 3
04-08 11:36:06.577  1340  1527 E SurfaceFlinger: MtkDuration override mode is disabled
04-08 11:36:06.744  1340  1340 E SurfaceFlinger: MtkDuration override mode is disabled
04-08 11:36:07.363  2648  2648 E ContrastColorUtil: background can not be translucent: #f0252525
04-08 11:36:07.365  2648  2648 E ContrastColorUtil: background can not be translucent: #f0252525
04-08 11:36:07.368  2648  2648 E ContrastColorUtil: background can not be translucent: #f0252525
04-08 11:36:07.370  2648  2648 E ContrastColorUtil: background can not be translucent: #f0252525
04-08 11:36:07.373  2648  2648 E ContrastColorUtil: background can not be translucent: #f0252525
04-08 11:36:07.374  2648  2648 E ContrastColorUtil: background can not be translucent: #f0252525
04-08 11:36:07.377  2648  2648 E ContrastColorUtil: background can not be translucent: #f0252525
04-08 11:36:07.379  2648  2648 E ContrastColorUtil: background can not be translucent: #f0252525
04-08 11:36:07.381  2648  2648 E ContrastColorUtil: background can not be translucent: #f0252525
04-08 11:36:07.383  2648  2648 E ContrastColorUtil: background can not be translucent: #f0252525
04-08 11:36:07.386  2648  2648 E ContrastColorUtil: background can not be translucent: #f0252525
04-08 11:36:07.387  2648  2648 E ContrastColorUtil: background can not be translucent: #f0252525
04-08 11:36:07.390  2648  2648 E ContrastColorUtil: background can not be translucent: #f0252525
04-08 11:36:07.392  2648  2648 E ContrastColorUtil: background can not be translucent: #f0252525
04-08 11:36:07.394  2648  2648 E ContrastColorUtil: background can not be translucent: #f0252525
04-08 11:36:07.396  2648  2648 E ContrastColorUtil: background can not be translucent: #f0252525
04-08 11:36:07.476 25345 25490 E BluetoothAdapterService: isSupported: Remote Device Uuids Empty
04-08 11:36:07.585 25345 25490 E BluetoothAdapterService: isSupported: Remote Device Uuids Empty
04-08 11:36:07.601 25345 25490 E BluetoothAdapterService: isSupported: Remote Device Uuids Empty
04-08 11:36:08.969  1340  1527 E SurfaceFlinger: MtkDuration override mode is disabled
04-08 11:36:09.891 25345 25490 E BluetoothAdapterService: isSupported: Remote Device Uuids Empty
04-08 11:36:09.900 25345 25490 E BluetoothAdapterService: isSupported: Remote Device Uuids Empty
04-08 11:36:09.932 25345 25490 E BluetoothAdapterService: isSupported: Remote Device Uuids Empty
04-08 11:36:09.998 25345 25490 E BluetoothAdapterService: isSupported: Remote Device Uuids Empty
04-08 11:36:10.028 25345 25490 E BluetoothAdapterService: isSupported: Remote Device Uuids Empty
04-08 11:36:10.339  1340  1340 E SurfaceFlinger: MtkDuration override mode is disabled
04-08 11:36:11.355  2985  2985 E MtkPhoneIntfMgrEx: MainThreadHandler.handleMessage : 3
04-08 11:36:11.591  1340  1527 E SurfaceFlinger: MtkDuration override mode is disabled
04-08 11:36:12.377 25345 25490 E BluetoothAdapterService: isSupported: Remote Device Uuids Empty
04-08 11:36:12.382 25345 25490 E BluetoothAdapterService: isSupported: Remote Device Uuids Empty
04-08 11:36:12.430 25345 25490 E BluetoothAdapterService: isSupported: Remote Device Uuids Empty
04-08 11:36:12.734  1340  1340 E SurfaceFlinger: MtkDuration override mode is disabled
04-08 11:36:14.580  1340  1527 E SurfaceFlinger: MtkDuration override mode is disabled
04-08 11:36:14.773 25345 25490 E BluetoothAdapterService: isSupported: Remote Device Uuids Empty
04-08 11:36:14.799 25345 25490 E BluetoothAdapterService: isSupported: Remote Device Uuids Empty
04-08 11:36:15.799  1340  1340 E SurfaceFlinger: MtkDuration override mode is disabled
04-08 11:36:16.471  2985  2985 E MtkPhoneIntfMgrEx: MainThreadHandler.handleMessage : 3
04-08 11:36:17.026  1340  1527 E SurfaceFlinger: MtkDuration override mode is disabled
04-08 11:36:17.178 25345 25490 E BluetoothAdapterService: isSupported: Remote Device Uuids Empty
04-08 11:36:17.218 25345 25490 E BluetoothAdapterService: isSupported: Remote Device Uuids Empty
04-08 11:36:17.223 25345 25490 E BluetoothAdapterService: isSupported: Remote Device Uuids Empty
04-08 11:36:17.554  1340  1340 E SurfaceFlinger: MtkDuration override mode is disabled
04-08 11:36:18.780  1340  1527 E SurfaceFlinger: MtkDuration override mode is disabled
04-08 11:36:19.448  1340  1340 E SurfaceFlinger: MtkDuration override mode is disabled
04-08 11:36:19.492 25345 25490 E BluetoothAdapterService: isSupported: Remote Device Uuids Empty
04-08 11:36:19.499 25345 25490 E BluetoothAdapterService: isSupported: Remote Device Uuids Empty
04-08 11:36:19.531 25345 25490 E BluetoothAdapterService: isSupported: Remote Device Uuids Empty
04-08 11:36:19.594 25345 25490 E BluetoothAdapterService: isSupported: Remote Device Uuids Empty
04-08 11:36:20.674  1340  1527 E SurfaceFlinger: MtkDuration override mode is disabled
04-08 11:36:21.596  2985  2985 E MtkPhoneIntfMgrEx: MainThreadHandler.handleMessage : 3
04-08 11:36:21.898 25345 25490 E BluetoothAdapterService: isSupported: Remote Device Uuids Empty
04-08 11:36:21.903 25345 25490 E BluetoothAdapterService: isSupported: Remote Device Uuids Empty
04-08 11:36:21.962 25345 25490 E BluetoothAdapterService: isSupported: Remote Device Uuids Empty
04-08 11:36:21.994 25345 25490 E BluetoothAdapterService: isSupported: Remote Device Uuids Empty
04-08 11:36:22.010 25345 25490 E BluetoothAdapterService: isSupported: Remote Device Uuids Empty
04-08 11:36:22.019 25345 25490 E BluetoothAdapterService: isSupported: Remote Device Uuids Empty
04-08 11:36:24.316 25345 25490 E BluetoothAdapterService: isSupported: Remote Device Uuids Empty
04-08 11:36:24.319 25345 25490 E BluetoothAdapterService: isSupported: Remote Device Uuids Empty
04-08 11:36:24.421 25345 25490 E BluetoothAdapterService: isSupported: Remote Device Uuids Empty
04-08 11:36:24.471 25345 25490 E BluetoothAdapterService: isSupported: Remote Device Uuids Empty
04-08 11:36:26.380  3186  3186 E Athena  : ------------------------------------------------------------
04-08 11:36:26.380  3186  3186 E Athena  : 
04-08 11:36:26.380  3186  3186 E Athena  : Athena is in DEBUG or TEST mode, should not release this APK [com.transsion.multiwindow]
04-08 11:36:26.380  3186  3186 E Athena  : 
04-08 11:36:26.381  3186  3186 E Athena  : ------------------------------------------------------------
04-08 11:36:26.707 25345 25490 E BluetoothAdapterService: isSupported: Remote Device Uuids Empty
04-08 11:36:26.718  2985  2985 E MtkPhoneIntfMgrEx: MainThreadHandler.handleMessage : 3
04-08 11:36:26.732 25345 25490 E BluetoothAdapterService: isSupported: Remote Device Uuids Empty
04-08 11:36:26.844 25345 25490 E BluetoothAdapterService: isSupported: Remote Device Uuids Empty
04-08 11:36:26.850 25345 25490 E BluetoothAdapterService: isSupported: Remote Device Uuids Empty
04-08 11:36:29.080 25345 25490 E BluetoothAdapterService: isSupported: Remote Device Uuids Empty
04-08 11:36:29.085 25345 25490 E BluetoothAdapterService: isSupported: Remote Device Uuids Empty
04-08 11:36:29.114 25345 25490 E BluetoothAdapterService: isSupported: Remote Device Uuids Empty
04-08 11:36:29.183 25345 25490 E BluetoothAdapterService: isSupported: Remote Device Uuids Empty
04-08 11:36:29.245 25345 25490 E BluetoothAdapterService: isSupported: Remote Device Uuids Empty
04-08 11:36:29.250 25345 25490 E BluetoothAdapterService: isSupported: Remote Device Uuids Empty
04-08 11:36:30.375  1340  1340 E SurfaceFlinger: MtkDuration override mode is disabled
04-08 11:36:31.499 25345 25490 E BluetoothAdapterService: isSupported: Remote Device Uuids Empty
04-08 11:36:31.506 25345 25490 E BluetoothAdapterService: isSupported: Remote Device Uuids Empty
04-08 11:36:31.536 25345 25490 E BluetoothAdapterService: isSupported: Remote Device Uuids Empty
04-08 11:36:31.598 25345 25490 E BluetoothAdapterService: isSupported: Remote Device Uuids Empty
04-08 11:36:31.645 25345 25490 E BluetoothAdapterService: isSupported: Remote Device Uuids Empty
04-08 11:36:31.835  2985  2985 E MtkPhoneIntfMgrEx: MainThreadHandler.handleMessage : 3
04-08 11:36:32.454  1340  1527 E SurfaceFlinger: MtkDuration override mode is disabled
04-08 11:36:33.879 25345 25490 E BluetoothAdapterService: isSupported: Remote Device Uuids Empty
04-08 11:36:33.883 25345 25490 E BluetoothAdapterService: isSupported: Remote Device Uuids Empty
04-08 11:36:33.899 25345 25490 E BluetoothAdapterService: isSupported: Remote Device Uuids Empty
04-08 11:36:33.904 25345 25490 E BluetoothAdapterService: isSupported: Remote Device Uuids Empty
04-08 11:36:34.032 25345 25490 E BluetoothAdapterService: isSupported: Remote Device Uuids Empty
04-08 11:36:35.377  1340  1340 E SurfaceFlinger: MtkDuration override mode is disabled
04-08 11:36:36.212  2985  2985 E MtkPhoneIntfMgrEx: MainThreadHandler.handleMessage : 3
04-08 11:36:36.226  2985  2985 E MtkPhoneIntfMgrEx: MainThreadHandler.handleMessage : 3
04-08 11:36:36.226  2985  2985 E MtkPhoneIntfMgrEx: MainThreadHandler.handleMessage : 3
04-08 11:36:36.227  2985  2985 E MtkPhoneIntfMgrEx: MainThreadHandler.handleMessage : 3
04-08 11:36:36.227  2985  2985 E MtkPhoneIntfMgrEx: MainThreadHandler.handleMessage : 3
04-08 11:36:36.228  2985  2985 E MtkPhoneIntfMgrEx: MainThreadHandler.handleMessage : 3
04-08 11:36:36.288 25345 25490 E BluetoothAdapterService: isSupported: Remote Device Uuids Empty
04-08 11:36:36.325 25345 25490 E BluetoothAdapterService: isSupported: Remote Device Uuids Empty
04-08 11:36:36.371 25345 25490 E BluetoothAdapterService: isSupported: Remote Device Uuids Empty
04-08 11:36:36.376 25345 25490 E BluetoothAdapterService: isSupported: Remote Device Uuids Empty
04-08 11:36:36.382 25345 25490 E BluetoothAdapterService: isSupported: Remote Device Uuids Empty
04-08 11:36:36.539  2985  2985 E MtkPhoneIntfMgrEx: MainThreadHandler.handleMessage : 3
04-08 11:36:36.827  2985  2985 E MtkPhoneIntfMgrEx: MainThreadHandler.handleMessage : 3
04-08 11:36:36.836  2985  2985 E MtkPhoneIntfMgrEx: MainThreadHandler.handleMessage : 3
04-08 11:36:36.837  2985  2985 E MtkPhoneIntfMgrEx: MainThreadHandler.handleMessage : 3
04-08 11:36:36.843  2985  2985 E MtkPhoneIntfMgrEx: MainThreadHandler.handleMessage : 3
04-08 11:36:36.844  2985  2985 E MtkPhoneIntfMgrEx: MainThreadHandler.handleMessage : 3
04-08 11:36:36.948  2985  2985 E MtkPhoneIntfMgrEx: MainThreadHandler.handleMessage : 3
04-08 11:36:36.998  2985  2985 E MtkPhoneIntfMgrEx: MainThreadHandler.handleMessage : 3
04-08 11:36:37.008  2985  2985 E MtkPhoneIntfMgrEx: MainThreadHandler.handleMessage : 3
04-08 11:36:37.008  2985  2985 E MtkPhoneIntfMgrEx: MainThreadHandler.handleMessage : 3
04-08 11:36:37.623  2985  2985 E MtkPhoneIntfMgrEx: MainThreadHandler.handleMessage : 3
04-08 11:36:37.636  2985  2985 E MtkPhoneIntfMgrEx: MainThreadHandler.handleMessage : 3
04-08 11:36:37.637  2985  2985 E MtkPhoneIntfMgrEx: MainThreadHandler.handleMessage : 3
04-08 11:36:38.709 25345 25490 E BluetoothAdapterService: isSupported: Remote Device Uuids Empty
04-08 11:36:38.734  1340  1527 E SurfaceFlinger: MtkDuration override mode is disabled
04-08 11:36:40.373  1340  1340 E SurfaceFlinger: MtkDuration override mode is disabled
04-08 11:36:41.080 25345 25490 E BluetoothAdapterService: isSupported: Remote Device Uuids Empty
04-08 11:36:41.084 25345 25490 E BluetoothAdapterService: isSupported: Remote Device Uuids Empty
04-08 11:36:41.114 25345 25490 E BluetoothAdapterService: isSupported: Remote Device Uuids Empty
04-08 11:36:41.177 25345 25490 E BluetoothAdapterService: isSupported: Remote Device Uuids Empty
04-08 11:36:41.183 25345 25490 E BluetoothAdapterService: isSupported: Remote Device Uuids Empty
04-08 11:36:41.224 25345 25490 E BluetoothAdapterService: isSupported: Remote Device Uuids Empty
04-08 11:36:41.234 25345 25490 E BluetoothAdapterService: isSupported: Remote Device Uuids Empty
04-08 11:36:41.756  1340  1527 E SurfaceFlinger: MtkDuration override mode is disabled
04-08 11:36:42.076  2985  2985 E MtkPhoneIntfMgrEx: MainThreadHandler.handleMessage : 3
04-08 11:36:42.894 12768 12944 E msys    : E[N WA]_WAJMNSStreamImplOnMNSFailure(287)=>[LogLevel:I] WAJMNSStream/impl/callback/onMNSFailure/p=0xb400007bc2857490 (error=MNSTCPSocketReceive(): Received EOF)
04-08 11:36:42.895 12768 12944 E msys    : E[N WA]_WAJMNSStreamImplCreateConnectionReport(194)=>[LogLevel:I] WAJMNSStream/impl/report port=5222, connectedIPVersion=6, resolvedIPAddressCount=2, dnsResolutionStartTimeMS=2535837681, dnsResolutionEndTimeMS=2535837683, dnsCacheHit=Yes, connectStartTimeMS=2535837683, connectEndTimeMS=2535837708, proxyConnectStartTimeMS=0, proxyConnectEndTimeMS=0
04-08 11:36:42.895 12768 12944 E msys    : E[N WA]_WAJMNSStreamImplUpdateStreamState(230)=>[LogLevel:I] WAJMNSStream/impl/state-changed/p=0xb400007bc2857490 (connected=>disconnected)
04-08 11:36:42.903 12768 12921 E msys    : E[N WA]WAJMNSStreamImplDisconnectSync(497)=>[LogLevel:W] WAJMNSStream/impl/disconnect/p=0xb400007bc2857490 (bytesSent=20468)(bytesRecv=49784)
04-08 11:36:43.482 25345 25490 E BluetoothAdapterService: isSupported: Remote Device Uuids Empty
04-08 11:36:43.574 25345 25490 E BluetoothAdapterService: isSupported: Remote Device Uuids Empty
04-08 11:36:43.593 25345 25490 E BluetoothAdapterService: isSupported: Remote Device Uuids Empty
04-08 11:36:45.373  1340  1340 E SurfaceFlinger: MtkDuration override mode is disabled
04-08 11:36:45.894 25345 25490 E BluetoothAdapterService: isSupported: Remote Device Uuids Empty
04-08 11:36:45.899 25345 25490 E BluetoothAdapterService: isSupported: Remote Device Uuids Empty
04-08 11:36:45.904 25345 25490 E BluetoothAdapterService: isSupported: Remote Device Uuids Empty
04-08 11:36:45.909 25345 25490 E BluetoothAdapterService: isSupported: Remote Device Uuids Empty
04-08 11:36:45.929 25345 25490 E BluetoothAdapterService: isSupported: Remote Device Uuids Empty
04-08 11:36:46.002 25345 25490 E BluetoothAdapterService: isSupported: Remote Device Uuids Empty
04-08 11:36:46.007 25345 25490 E BluetoothAdapterService: isSupported: Remote Device Uuids Empty
04-08 11:36:46.064 25345 25490 E BluetoothAdapterService: isSupported: Remote Device Uuids Empty
04-08 11:36:46.600  1340  1527 E SurfaceFlinger: MtkDuration override mode is disabled
04-08 11:36:47.199  2985  2985 E MtkPhoneIntfMgrEx: MainThreadHandler.handleMessage : 3
04-08 11:36:48.308 25345 25490 E BluetoothAdapterService: isSupported: Remote Device Uuids Empty
04-08 11:36:48.381 25345 25490 E BluetoothAdapterService: isSupported: Remote Device Uuids Empty
04-08 11:36:50.388  1340  1340 E SurfaceFlinger: MtkDuration override mode is disabled
04-08 11:36:50.694 25345 25490 E BluetoothAdapterService: isSupported: Remote Device Uuids Empty
04-08 11:36:50.704 25345 25490 E BluetoothAdapterService: isSupported: Remote Device Uuids Empty
04-08 11:36:51.614  1340  1527 E SurfaceFlinger: MtkDuration override mode is disabled
04-08 11:36:52.148  1340  1340 E SurfaceFlinger: MtkDuration override mode is disabled
04-08 11:36:52.317  2985  2985 E MtkPhoneIntfMgrEx: MainThreadHandler.handleMessage : 3
04-08 11:36:53.091 25345 25490 E BluetoothAdapterService: isSupported: Remote Device Uuids Empty
04-08 11:36:53.114 25345 25490 E BluetoothAdapterService: isSupported: Remote Device Uuids Empty
04-08 11:36:53.121 25345 25490 E BluetoothAdapterService: isSupported: Remote Device Uuids Empty
04-08 11:36:53.180 25345 25490 E BluetoothAdapterService: isSupported: Remote Device Uuids Empty
04-08 11:36:53.201 25345 25490 E BluetoothAdapterService: isSupported: Remote Device Uuids Empty
04-08 11:36:53.831  1340  1527 E SurfaceFlinger: MtkDuration override mode is disabled
04-08 11:36:55.509 25345 25490 E BluetoothAdapterService: isSupported: Remote Device Uuids Empty
04-08 11:36:55.514 25345 25490 E BluetoothAdapterService: isSupported: Remote Device Uuids Empty
04-08 11:36:55.601 25345 25490 E BluetoothAdapterService: isSupported: Remote Device Uuids Empty
04-08 11:36:55.677  1340  1340 E SurfaceFlinger: MtkDuration override mode is disabled
04-08 11:36:56.904  1340  1527 E SurfaceFlinger: MtkDuration override mode is disabled
04-08 11:36:57.435  2985  2985 E MtkPhoneIntfMgrEx: MainThreadHandler.handleMessage : 3
04-08 11:36:57.906 25345 25490 E BluetoothAdapterService: isSupported: Remote Device Uuids Empty
04-08 11:36:57.923 25345 25490 E BluetoothAdapterService: isSupported: Remote Device Uuids Empty
04-08 11:36:57.996 25345 25490 E BluetoothAdapterService: isSupported: Remote Device Uuids Empty
04-08 11:36:58.016 25345 25490 E BluetoothAdapterService: isSupported: Remote Device Uuids Empty
04-08 11:36:58.707  1340  1340 E SurfaceFlinger: MtkDuration override mode is disabled
04-08 11:36:58.735 19224 19654 E msys    : E[N mns:TigonMNS]_CacheRefreshTimerCallback(869)=>Start active cache refresh DNS resolution
04-08 11:36:58.735 19224 19654 E msys    : E[N mns:TigonMNS]_CacheRefreshTimerCallback(869)=>Start active cache refresh DNS resolution
04-08 11:36:58.735 19224 19654 E msys    : E[N mns:TigonMNS]_CacheRefreshTimerCallback(869)=>Start active cache refresh DNS resolution
04-08 11:36:58.736 19224 19654 E msys    : E[N mns:TigonMNS]_CacheRefreshTimerCallback(869)=>Start active cache refresh DNS resolution
04-08 11:36:58.736 19224 19654 E msys    : E[N mns:TigonMNS]_CacheRefreshTimerCallback(869)=>Start active cache refresh DNS resolution
04-08 11:36:58.736 19224 19654 E msys    : E[N mns:TigonMNS]_CacheRefreshTimerCallback(869)=>Start active cache refresh DNS resolution
04-08 11:36:59.934  1340  1527 E SurfaceFlinger: MtkDuration override mode is disabled
04-08 11:37:00.315 25345 25490 E BluetoothAdapterService: isSupported: Remote Device Uuids Empty
04-08 11:37:00.320 25345 25490 E BluetoothAdapterService: isSupported: Remote Device Uuids Empty
04-08 11:37:00.590  2985  2985 E MtkPhoneIntfMgrEx: MainThreadHandler.handleMessage : 3
04-08 11:37:00.603  2985  2985 E MtkPhoneIntfMgrEx: MainThreadHandler.handleMessage : 3
04-08 11:37:00.603  2985  2985 E MtkPhoneIntfMgrEx: MainThreadHandler.handleMessage : 3
04-08 11:37:00.603  2985  2985 E MtkPhoneIntfMgrEx: MainThreadHandler.handleMessage : 3
04-08 11:37:00.603  2985  2985 E MtkPhoneIntfMgrEx: MainThreadHandler.handleMessage : 3
04-08 11:37:01.239  2985  2985 E MtkPhoneIntfMgrEx: MainThreadHandler.handleMessage : 3
04-08 11:37:01.245  2985  2985 E MtkPhoneIntfMgrEx: MainThreadHandler.handleMessage : 3
04-08 11:37:01.246  2985  2985 E MtkPhoneIntfMgrEx: MainThreadHandler.handleMessage : 3
04-08 11:37:01.252  2985  2985 E MtkPhoneIntfMgrEx: MainThreadHandler.handleMessage : 3
04-08 11:37:01.716  1340  1340 E SurfaceFlinger: MtkDuration override mode is disabled
04-08 11:37:01.860  2985  2985 E MtkPhoneIntfMgrEx: MainThreadHandler.handleMessage : 3
04-08 11:37:01.862  2985  2985 E MtkPhoneIntfMgrEx: MainThreadHandler.handleMessage : 3
04-08 11:37:01.915  2985  2985 E MtkPhoneIntfMgrEx: MainThreadHandler.handleMessage : 3
04-08 11:37:02.558  2985  2985 E MtkPhoneIntfMgrEx: MainThreadHandler.handleMessage : 3
04-08 11:37:02.624  2985  2985 E MtkPhoneIntfMgrEx: MainThreadHandler.handleMessage : 3
04-08 11:37:02.686 25345 25490 E BluetoothAdapterService: isSupported: Remote Device Uuids Empty
04-08 11:37:02.691 25345 25490 E BluetoothAdapterService: isSupported: Remote Device Uuids Empty
04-08 11:37:02.723 25345 25490 E BluetoothAdapterService: isSupported: Remote Device Uuids Empty
04-08 11:37:02.796 25345 25490 E BluetoothAdapterService: isSupported: Remote Device Uuids Empty
04-08 11:37:02.822 25345 25490 E BluetoothAdapterService: isSupported: Remote Device Uuids Empty
04-08 11:37:02.945  1340  1527 E SurfaceFlinger: MtkDuration override mode is disabled
04-08 11:37:03.767 19224 19654 E msys    : E[N mns:TigonMNS]_OnResolverSuccess(313)=>Cache refresh succeeded with system DNS resolver. IP count: 2
04-08 11:37:03.768 19224 19654 E msys    : E[N mns:TigonMNS]_OnResolverSuccess(313)=>Cache refresh succeeded with system DNS resolver. IP count: 2
04-08 11:37:03.770 19224 19654 E msys    : E[N mns:TigonMNS]_OnResolverSuccess(313)=>Cache refresh succeeded with system DNS resolver. IP count: 2
04-08 11:37:03.770 19224 19654 E msys    : E[N mns:TigonMNS]_OnResolverSuccess(313)=>Cache refresh succeeded with system DNS resolver. IP count: 2
04-08 11:37:03.793 19224 19654 E msys    : E[N mns:TigonMNS]_OnResolverSuccess(313)=>Cache refresh succeeded with system DNS resolver. IP count: 2
04-08 11:37:03.794 19224 19654 E msys    : E[N mns:TigonMNS]_OnResolverSuccess(313)=>Cache refresh succeeded with system DNS resolver. IP count: 2
04-08 11:37:04.140 14661 14661 E Athena  : ------------------------------------------------------------
04-08 11:37:04.140 14661 14661 E Athena  : 
04-08 11:37:04.140 14661 14661 E Athena  :   - Athena is in Release mode with log enabled. Please set AthenaAnalytics.setDebug(false) to release this APK （Debug模式）[com.android.settings]
04-08 11:37:04.140 14661 14661 E Athena  : 
04-08 11:37:04.141 14661 14661 E Athena  : ------------------------------------------------------------
04-08 11:37:05.104 25345 25490 E BluetoothAdapterService: isSupported: Remote Device Uuids Empty
04-08 11:37:05.108 25345 25490 E BluetoothAdapterService: isSupported: Remote Device Uuids Empty
04-08 11:37:05.180 25345 25490 E BluetoothAdapterService: isSupported: Remote Device Uuids Empty
04-08 11:37:05.220 25345 25490 E BluetoothAdapterService: isSupported: Remote Device Uuids Empty
04-08 11:37:05.241 25345 25490 E BluetoothAdapterService: isSupported: Remote Device Uuids Empty
04-08 11:37:05.269 25345 25490 E BluetoothAdapterService: isSupported: Remote Device Uuids Empty
04-08 11:37:05.397  1340  1340 E SurfaceFlinger: MtkDuration override mode is disabled
04-08 11:37:06.396  2985  2985 E MtkPhoneIntfMgrEx: MainThreadHandler.handleMessage : 3
