04-08 11:33:57.602  1899  2133 E TranCPUBooster: not support msg=3
04-08 11:33:57.605  1899  2133 E TranCPUBooster: not support msg=3
04-08 11:33:57.619  1899  2133 E TranCPUBooster: not support msg=3
04-08 11:33:57.620  1899  2133 E TranCPUBooster: not support msg=3
04-08 11:33:58.120  1899  2133 E TranCPUBooster: not support msg=3
04-08 11:34:08.550  1899  2733 E ApplicationPackageManager: start update Icon Color!
04-08 11:34:09.716  1899  2133 E TranCPUBooster: not support msg=3
04-08 11:34:09.731  1899  2133 E TranCPUBooster: not support msg=3
04-08 11:34:10.085  1899  2133 E TranCPUBooster: not support msg=3
04-08 11:34:10.117  1899  2133 E TranCPUBooster: not support msg=3
04-08 11:34:10.124  1899  2133 E TranCPUBooster: not support msg=3
04-08 11:34:10.188  1899  2133 E TranCPUBooster: not support msg=3
04-08 11:34:16.390 25881 25881 E TranChoreographerImpl: skippedFrames: 65
04-08 11:34:21.972  1899  2133 E TranCPUBooster: not support msg=3
04-08 11:34:22.001  1899  2133 E TranCPUBooster: not support msg=3
04-08 11:34:22.947  1899  2133 E TranCPUBooster: not support msg=3
04-08 11:34:23.112  1899  2133 E TranCPUBooster: not support msg=3
04-08 11:34:27.586  1899  2133 E TranCPUBooster: not support msg=3
04-08 11:34:28.037  1899  2133 E TranCPUBooster: not support msg=3
04-08 11:34:36.003  1899  2133 E TranCPUBooster: not support msg=3
04-08 11:34:36.224  2648 12540 E ApplicationPackageManager: start update Icon Color!
04-08 11:34:36.274  2648 12540 E ApplicationPackageManager: start update Icon Color!
04-08 11:34:36.280  2648 12540 E ApplicationPackageManager: start update Icon Color!
04-08 11:34:36.682  1899  2133 E TranCPUBooster: not support msg=3
04-08 11:34:39.414  1899  2133 E TranCPUBooster: not support msg=3
04-08 11:34:39.909  1899  2133 E TranCPUBooster: not support msg=3
04-08 11:34:40.269  1899  2133 E TranCPUBooster: not support msg=3
04-08 11:34:40.502  1899  2133 E TranCPUBooster: not support msg=3
04-08 11:34:41.013  1899  2133 E TranCPUBooster: not support msg=3
04-08 11:34:42.006  1899  2133 E TranCPUBooster: not support msg=3
04-08 11:34:43.052 25881 29303 E AndroidRuntime: FATAL EXCEPTION: mqt_v_native
04-08 11:34:43.052 25881 29303 E AndroidRuntime: Process: com.hajj, PID: 25881
04-08 11:34:43.052 25881 29303 E AndroidRuntime: java.lang.IncompatibleClassChangeError: Found interface com.google.android.gms.location.SettingsClient, but class was expected (declaration of 'com.google.android.gms.location.SettingsClient' appears in /data/app/~~MhyxCWFEpQEwY85BNRfoiQ==/com.hajj-2TRXkonqz4V98kAZBh3aLw==/base.apk!classes7.dex)
04-08 11:34:43.052 25881 29303 E AndroidRuntime: 	at com.agontuk.RNFusedLocation.FusedLocationProvider.checkLocationSettings(FusedLocationProvider.java:177)
04-08 11:34:43.052 25881 29303 E AndroidRuntime: 	at com.agontuk.RNFusedLocation.FusedLocationProvider.requestLocationUpdates(FusedLocationProvider.java:152)
04-08 11:34:43.052 25881 29303 E AndroidRuntime: 	at com.agontuk.RNFusedLocation.RNFusedLocationModule.startObserving(RNFusedLocationModule.java:133)
04-08 11:34:43.052 25881 29303 E AndroidRuntime: 	at com.facebook.jni.NativeRunnable.run(Native Method)
04-08 11:34:43.052 25881 29303 E AndroidRuntime: 	at android.os.Handler.handleCallback(Handler.java:958)
04-08 11:34:43.052 25881 29303 E AndroidRuntime: 	at android.os.Handler.dispatchMessage(Handler.java:99)
04-08 11:34:43.052 25881 29303 E AndroidRuntime: 	at com.facebook.react.bridge.queue.MessageQueueThreadHandler.dispatchMessage(MessageQueueThreadHandler.kt:21)
04-08 11:34:43.052 25881 29303 E AndroidRuntime: 	at android.os.Looper.loopOnce(Looper.java:243)
04-08 11:34:43.052 25881 29303 E AndroidRuntime: 	at android.os.Looper.loop(Looper.java:338)
04-08 11:34:43.052 25881 29303 E AndroidRuntime: 	at com.facebook.react.bridge.queue.MessageQueueThreadImpl$Companion.startNewBackgroundThread$lambda$0(MessageQueueThreadImpl.kt:152)
04-08 11:34:43.052 25881 29303 E AndroidRuntime: 	at com.facebook.react.bridge.queue.MessageQueueThreadImpl$Companion.$r8$lambda$YYXYCFexeoKtAeDpeNYkxZZlpbA(Unknown Source:0)
04-08 11:34:43.052 25881 29303 E AndroidRuntime: 	at com.facebook.react.bridge.queue.MessageQueueThreadImpl$Companion$$ExternalSyntheticLambda0.run(D8$$SyntheticClass:0)
04-08 11:34:43.052 25881 29303 E AndroidRuntime: 	at java.lang.Thread.run(Thread.java:1563)
04-08 11:34:43.092  1899  1922 E debug_TransitionController: mCollectingTransition = TransitionRecord{ed95eef id=50915 type=CLOSE flags=0x10}
04-08 11:34:43.092  1899  1922 E debug_Transition: mState = 0
04-08 11:34:43.316  1899  5211 E debug_TransitionController: this is Task{350fca7 #17506 type=standard A=10411:com.hajj} isVisibleRequested false
04-08 11:34:43.316  1899  5211 E debug_Transition: mParticipants is contains Task{350fca7 #17506 type=standard A=10411:com.hajj} so return
04-08 11:34:43.345  1899  2573 E  Aurora_Exception :  exception PolicyManager=getUserPreloadPolicy fail,userList is null
04-08 11:34:54.292  1899  2133 E TranCPUBooster: not support msg=3
04-08 11:34:54.310  1899  2133 E TranCPUBooster: not support msg=3
04-08 11:34:55.151  1899  2133 E TranCPUBooster: not support msg=3
04-08 11:34:55.155  1899  2133 E TranCPUBooster: not support msg=3
04-08 11:34:56.827  1899  2133 E TranCPUBooster: not support msg=3
04-08 11:34:56.868  1899  2133 E TranCPUBooster: not support msg=3
04-08 11:35:07.132  1899  2133 E TranCPUBooster: not support msg=3
04-08 11:35:07.178  1899  2133 E TranCPUBooster: not support msg=3
04-08 11:35:07.461  1899  2133 E TranCPUBooster: not support msg=3
04-08 11:35:07.508  1899  2133 E TranCPUBooster: not support msg=3
04-08 11:35:07.746  1899  2133 E TranCPUBooster: not support msg=3
04-08 11:35:07.805  1899  2133 E TranCPUBooster: not support msg=3
04-08 11:35:08.899  1899  4783 E ActivityTaskManager: AppLaunchTracker getTaskIndex error: task is null.
04-08 11:35:10.415 25882 25882 E TranChoreographerImpl: skippedFrames: 115
--------- beginning of main
04-08 11:35:10.425  1340  3663 E BufferQueueDebug: [com.hajj/com.hajj.MainActivity#859448](this:0xb40000744dc37b20,id:-1,api:0,p:-1,c:-1) id info cannot be read from 'com.hajj/com.hajj.MainActivity#859448'
04-08 11:35:10.432  1340  3663 E BufferQueueDebug: [Surface(name=a8a946e StatusBar)/@0x95d1d27 - animation-leash of insets_animation#859449](this:0xb40000744d9ea3b0,id:-1,api:0,p:-1,c:-1) id info cannot be read from 'Surface(name=a8a946e StatusBar)/@0x95d1d27 - animation-leash of insets_animation#859449'
04-08 11:35:10.436  1340  2189 E BufferQueueDebug: [Surface(name=89c121c NavigationBar0)/@0xf44817d - animation-leash of insets_animation#859450](this:0xb40000744dbe7f60,id:-1,api:0,p:-1,c:-1) id info cannot be read from 'Surface(name=89c121c NavigationBar0)/@0xf44817d - animation-leash of insets_animation#859450'
04-08 11:35:10.444 25882 25882 E FBI     : fbcNotifyBufferUX is NULL: undefined symbol: fbcNotifyBufferUX
04-08 11:35:10.507  1340  3663 E HWComposer: getSupportedContentTypes: getSupportedContentTypes failed for display 0: Unsupported (8)
04-08 11:35:10.508 25882 29891 E OpenGLRenderer: Unable to match the desired swap behavior.
04-08 11:35:10.533  1340  1410 E surfaceflinger: == MALI DEBUG ===eglp_winsys_populate_image_templates ==12288
04-08 11:35:10.536  1340  3663 E BufferQueueDebug: [Surface(name=4bee05c com.hajj/com.hajj.MainActivity)/@0xe9af660 - animation-leash of starting_reveal#859451](this:0xb40000744db92880,id:-1,api:0,p:-1,c:-1) id info cannot be read from 'Surface(name=4bee05c com.hajj/com.hajj.MainActivity)/@0xe9af660 - animation-leash of starting_reveal#859451'
04-08 11:35:10.550  2985  2985 E MtkPhoneIntfMgrEx: MainThreadHandler.handleMessage : 3
04-08 11:35:10.553  1340  1410 E surfaceflinger: == MALI DEBUG ===eglp_winsys_populate_image_templates ==12288
04-08 11:35:10.558  1340  1410 E surfaceflinger: == MALI DEBUG ===eglp_winsys_populate_image_templates ==12288
04-08 11:35:10.567  1340  1410 E surfaceflinger: == MALI DEBUG ===eglp_winsys_populate_image_templates ==12288
04-08 11:35:10.575  1340  1410 E surfaceflinger: == MALI DEBUG ===eglp_winsys_populate_image_templates ==12288
04-08 11:35:10.580  1340  3663 E BufferQueueDebug: [b135fea PopupWindow:72a6aff#859452](this:0xb40000744db73350,id:-1,api:0,p:-1,c:-1) id info cannot be read from 'b135fea PopupWindow:72a6aff#859452'
04-08 11:35:10.587  1340  1410 E surfaceflinger: == MALI DEBUG ===eglp_winsys_populate_image_templates ==12288
04-08 11:35:10.592  1340  1410 E surfaceflinger: == MALI DEBUG ===eglp_winsys_populate_image_templates ==12288
04-08 11:35:10.596  1340  3663 E BufferQueueDebug: [PopupWindow:72a6aff#859453](this:0xb40000744dc8d200,id:-1,api:0,p:-1,c:-1) id info cannot be read from 'PopupWindow:72a6aff#859453'
04-08 11:35:10.604 25882 29891 E OpenGLRenderer: Unable to match the desired swap behavior.
04-08 11:35:10.613  1340  1410 E surfaceflinger: == MALI DEBUG ===eglp_winsys_populate_image_templates ==12288
04-08 11:35:10.618 25882 25882 E unknown:ReactHost: Unhandled SoftException
04-08 11:35:10.618 25882 25882 E unknown:ReactHost: com.facebook.react.bridge.ReactNoCrashSoftException: raiseSoftException(onWindowFocusChange(hasFocus = "true")): Tried to access onWindowFocusChange while context is not ready
04-08 11:35:10.618 25882 25882 E unknown:ReactHost: 	at com.facebook.react.runtime.ReactHostImpl.raiseSoftException(ReactHostImpl.kt:865)
04-08 11:35:10.618 25882 25882 E unknown:ReactHost: 	at com.facebook.react.runtime.ReactHostImpl.raiseSoftException$default(ReactHostImpl.kt:856)
04-08 11:35:10.618 25882 25882 E unknown:ReactHost: 	at com.facebook.react.runtime.ReactHostImpl.onWindowFocusChange(ReactHostImpl.kt:629)
04-08 11:35:10.618 25882 25882 E unknown:ReactHost: 	at com.facebook.react.ReactDelegate.onWindowFocusChanged(ReactDelegate.kt:229)
04-08 11:35:10.618 25882 25882 E unknown:ReactHost: 	at com.facebook.react.ReactActivityDelegate.onWindowFocusChanged(ReactActivityDelegate.java:237)
04-08 11:35:10.618 25882 25882 E unknown:ReactHost: 	at com.facebook.react.ReactActivity.onWindowFocusChanged(ReactActivity.java:161)
04-08 11:35:10.618 25882 25882 E unknown:ReactHost: 	at androidx.appcompat.view.WindowCallbackWrapper.onWindowFocusChanged(WindowCallbackWrapper.java:124)
04-08 11:35:10.618 25882 25882 E unknown:ReactHost: 	at com.android.internal.policy.DecorView.onWindowFocusChanged(DecorView.java:1948)
04-08 11:35:10.618 25882 25882 E unknown:ReactHost: 	at android.view.View.dispatchWindowFocusChanged(View.java:16033)
04-08 11:35:10.618 25882 25882 E unknown:ReactHost: 	at android.view.ViewGroup.dispatchWindowFocusChanged(ViewGroup.java:1516)
04-08 11:35:10.618 25882 25882 E unknown:ReactHost: 	at android.view.ViewRootImpl.dispatchFocusEvent(ViewRootImpl.java:4461)
04-08 11:35:10.618 25882 25882 E unknown:ReactHost: 	at android.view.ViewRootImpl.handleWindowFocusChanged(ViewRootImpl.java:4365)
04-08 11:35:10.618 25882 25882 E unknown:ReactHost: 	at android.view.ViewRootImpl.-$$Nest$mhandleWindowFocusChanged(Unknown Source:0)
04-08 11:35:10.618 25882 25882 E unknown:ReactHost: 	at android.view.ViewRootImpl$ViewRootHandler.handleMessageImpl(ViewRootImpl.java:6484)
04-08 11:35:10.618 25882 25882 E unknown:ReactHost: 	at android.view.ViewRootImpl$ViewRootHandler.handleMessage(ViewRootImpl.java:6385)
04-08 11:35:10.618 25882 25882 E unknown:ReactHost: 	at android.os.Handler.dispatchMessage(Handler.java:106)
04-08 11:35:10.618 25882 25882 E unknown:ReactHost: 	at android.os.Looper.loopOnce(Looper.java:243)
04-08 11:35:10.618 25882 25882 E unknown:ReactHost: 	at android.os.Looper.loop(Looper.java:338)
04-08 11:35:10.618 25882 25882 E unknown:ReactHost: 	at android.app.ActivityThread.main(ActivityThread.java:8506)
04-08 11:35:10.618 25882 25882 E unknown:ReactHost: 	at java.lang.reflect.Method.invoke(Native Method)
04-08 11:35:10.618 25882 25882 E unknown:ReactHost: 	at com.android.internal.os.RuntimeInit$MethodAndArgsCaller.run(RuntimeInit.java:602)
04-08 11:35:10.618 25882 25882 E unknown:ReactHost: 	at com.android.internal.os.ZygoteInit.main(ZygoteInit.java:1064)
04-08 11:35:10.638  1340  2189 E BufferQueueDebug: [Surface(name=bf943e7 InputMethod)/@0x61fe63d - animation-leash of insets_animation#859454](this:0xb40000744db6aaa0,id:-1,api:0,p:-1,c:-1) id info cannot be read from 'Surface(name=bf943e7 InputMethod)/@0x61fe63d - animation-leash of insets_animation#859454'
04-08 11:35:10.897  2648  2648 E SlideDampingBounceHelper: handleDownTouchEvent mTrackingPointerId=0
04-08 11:35:10.904  1340  3663 E BufferQueueDebug: [Surface(name=8c269cb Splash Screen com.hajj)/@0xe2ca8cb - animation-leash of window_animation#859455](this:0xb40000744db705c0,id:-1,api:0,p:-1,c:-1) id info cannot be read from 'Surface(name=8c269cb Splash Screen com.hajj)/@0xe2ca8cb - animation-leash of window_animation#859455'
04-08 11:35:10.947  1340  1340 E BufferQueueDebug: [Screenshot Parent#859456](this:0xb40000744dc29750,id:-1,api:0,p:-1,c:-1) id info cannot be read from 'Screenshot Parent#859456'
04-08 11:35:10.949  1340  1410 E surfaceflinger: == MALI DEBUG ===eglp_winsys_populate_image_templates ==12288
04-08 11:35:10.958  2648  2791 E ndroid.systemui: == MALI DEBUG ===eglp_winsys_populate_image_templates ==12288
04-08 11:35:10.972  1899  2133 E TranCPUBooster: not support msg=3
04-08 11:35:10.976  1340  3663 E BufferQueueDebug: [NotificationShade#859457](this:0xb40000744dc29750,id:-1,api:0,p:-1,c:-1) id info cannot be read from 'NotificationShade#859457'
04-08 11:35:10.979  1899  2133 E TranCPUBooster: not support msg=3
04-08 11:35:10.979  1899  2133 E TranCPUBooster: not support msg=3
04-08 11:35:10.980  1340  1406 E BufferQueueDebug: [Surface(name=89c121c NavigationBar0)/@0xf44817d - animation-leash of insets_animation#859458](this:0xb40000744d9efed0,id:-1,api:0,p:-1,c:-1) id info cannot be read from 'Surface(name=89c121c NavigationBar0)/@0xf44817d - animation-leash of insets_animation#859458'
04-08 11:35:10.990  1340  3663 E BufferQueueDebug: [Surface(name=a8a946e StatusBar)/@0x95d1d27 - animation-leash of insets_animation#859459](this:0xb40000744dbf6330,id:-1,api:0,p:-1,c:-1) id info cannot be read from 'Surface(name=a8a946e StatusBar)/@0x95d1d27 - animation-leash of insets_animation#859459'
04-08 11:35:10.992  1340  3663 E BufferQueueDebug: [Surface(name=89c121c NavigationBar0)/@0xf44817d - animation-leash of insets_animation#859460](this:0xb40000744dcce9f0,id:-1,api:0,p:-1,c:-1) id info cannot be read from 'Surface(name=89c121c NavigationBar0)/@0xf44817d - animation-leash of insets_animation#859460'
04-08 11:35:11.000  2648  2791 E OpenGLRenderer: Unable to match the desired swap behavior.
04-08 11:35:11.003  1312  1376 E libPowerHal: Could not open '/sys/kernel/fpsgo/fstb/set_render_no_ctrl'
04-08 11:35:11.003  1312  1376 E libPowerHal: error : 2, No such file or directory
04-08 11:35:11.004  1312  1376 E libPowerHal: Could not open '/sys/kernel/fpsgo/fstb/set_render_no_ctrl'
04-08 11:35:11.004  1312  1376 E libPowerHal: error : 2, No such file or directory
04-08 11:35:11.014 25882 25882 E unknown:ReactHost: Unhandled SoftException
04-08 11:35:11.014 25882 25882 E unknown:ReactHost: com.facebook.react.bridge.ReactNoCrashSoftException: raiseSoftException(onWindowFocusChange(hasFocus = "false")): Tried to access onWindowFocusChange while context is not ready
04-08 11:35:11.014 25882 25882 E unknown:ReactHost: 	at com.facebook.react.runtime.ReactHostImpl.raiseSoftException(ReactHostImpl.kt:865)
04-08 11:35:11.014 25882 25882 E unknown:ReactHost: 	at com.facebook.react.runtime.ReactHostImpl.raiseSoftException$default(ReactHostImpl.kt:856)
04-08 11:35:11.014 25882 25882 E unknown:ReactHost: 	at com.facebook.react.runtime.ReactHostImpl.onWindowFocusChange(ReactHostImpl.kt:629)
04-08 11:35:11.014 25882 25882 E unknown:ReactHost: 	at com.facebook.react.ReactDelegate.onWindowFocusChanged(ReactDelegate.kt:229)
04-08 11:35:11.014 25882 25882 E unknown:ReactHost: 	at com.facebook.react.ReactActivityDelegate.onWindowFocusChanged(ReactActivityDelegate.java:237)
04-08 11:35:11.014 25882 25882 E unknown:ReactHost: 	at com.facebook.react.ReactActivity.onWindowFocusChanged(ReactActivity.java:161)
04-08 11:35:11.014 25882 25882 E unknown:ReactHost: 	at androidx.appcompat.view.WindowCallbackWrapper.onWindowFocusChanged(WindowCallbackWrapper.java:124)
04-08 11:35:11.014 25882 25882 E unknown:ReactHost: 	at com.android.internal.policy.DecorView.onWindowFocusChanged(DecorView.java:1948)
04-08 11:35:11.014 25882 25882 E unknown:ReactHost: 	at android.view.View.dispatchWindowFocusChanged(View.java:16033)
04-08 11:35:11.014 25882 25882 E unknown:ReactHost: 	at android.view.ViewGroup.dispatchWindowFocusChanged(ViewGroup.java:1516)
04-08 11:35:11.014 25882 25882 E unknown:ReactHost: 	at android.view.ViewRootImpl.dispatchFocusEvent(ViewRootImpl.java:4461)
04-08 11:35:11.014 25882 25882 E unknown:ReactHost: 	at android.view.ViewRootImpl.handleWindowFocusChanged(ViewRootImpl.java:4365)
04-08 11:35:11.014 25882 25882 E unknown:ReactHost: 	at android.view.ViewRootImpl.-$$Nest$mhandleWindowFocusChanged(Unknown Source:0)
04-08 11:35:11.014 25882 25882 E unknown:ReactHost: 	at android.view.ViewRootImpl$ViewRootHandler.handleMessageImpl(ViewRootImpl.java:6484)
04-08 11:35:11.014 25882 25882 E unknown:ReactHost: 	at android.view.ViewRootImpl$ViewRootHandler.handleMessage(ViewRootImpl.java:6385)
04-08 11:35:11.014 25882 25882 E unknown:ReactHost: 	at android.os.Handler.dispatchMessage(Handler.java:106)
04-08 11:35:11.014 25882 25882 E unknown:ReactHost: 	at android.os.Looper.loopOnce(Looper.java:243)
04-08 11:35:11.014 25882 25882 E unknown:ReactHost: 	at android.os.Looper.loop(Looper.java:338)
04-08 11:35:11.014 25882 25882 E unknown:ReactHost: 	at android.app.ActivityThread.main(ActivityThread.java:8506)
04-08 11:35:11.014 25882 25882 E unknown:ReactHost: 	at java.lang.reflect.Method.invoke(Native Method)
04-08 11:35:11.014 25882 25882 E unknown:ReactHost: 	at com.android.internal.os.RuntimeInit$MethodAndArgsCaller.run(RuntimeInit.java:602)
04-08 11:35:11.014 25882 25882 E unknown:ReactHost: 	at com.android.internal.os.ZygoteInit.main(ZygoteInit.java:1064)
04-08 11:35:11.059  2648  2791 E ndroid.systemui: == MALI DEBUG ===eglp_winsys_populate_image_templates ==12288
04-08 11:35:11.112  1340  1410 E surfaceflinger: == MALI DEBUG ===eglp_winsys_populate_image_templates ==12288
04-08 11:35:11.150  1340  1410 E surfaceflinger: == MALI DEBUG ===eglp_winsys_populate_image_templates ==12288
04-08 11:35:11.157  1340  1410 E surfaceflinger: == MALI DEBUG ===eglp_winsys_populate_image_templates ==12288
04-08 11:35:11.192  1340  1410 E surfaceflinger: == MALI DEBUG ===eglp_winsys_populate_image_templates ==12288
04-08 11:35:11.208  1340  1410 E surfaceflinger: == MALI DEBUG ===eglp_winsys_populate_image_templates ==12288
04-08 11:35:11.223  1340  1410 E surfaceflinger: == MALI DEBUG ===eglp_winsys_populate_image_templates ==12288
04-08 11:35:11.233  1340  1410 E surfaceflinger: == MALI DEBUG ===eglp_winsys_populate_image_templates ==12288
04-08 11:35:11.592  1312  1356 E libPowerHal: [getCPUFreq] error cid:2, nClusterNum:2
04-08 11:35:11.594  2648  2648 E SlideDampingBounceHelper: handleDownTouchEvent mTrackingPointerId=0
04-08 11:35:11.629  1899  2133 E TranCPUBooster: not support msg=3
04-08 11:35:11.629  1899  2133 E TranCPUBooster: not support msg=3
04-08 11:35:11.647  1899  2133 E TranCPUBooster: not support msg=3
04-08 11:35:11.650  1899  2133 E TranCPUBooster: not support msg=3
04-08 11:35:11.862  1312  1376 E libPowerHal: Could not open '/sys/kernel/fpsgo/fstb/set_render_no_ctrl'
04-08 11:35:11.862  1312  1376 E libPowerHal: error : 2, No such file or directory
04-08 11:35:11.863  1899  2133 E TranCPUBooster: not support msg=3
04-08 11:35:11.864  1312  1376 E libPowerHal: Could not open '/sys/kernel/fpsgo/fstb/set_render_no_ctrl'
04-08 11:35:11.864  1312  1376 E libPowerHal: error : 2, No such file or directory
04-08 11:35:11.916  1312  1376 E libPowerHal: Could not open '/sys/kernel/fpsgo/fstb/set_render_no_ctrl'
04-08 11:35:11.916  1312  1376 E libPowerHal: error : 2, No such file or directory
04-08 11:35:11.917  1312  1376 E libPowerHal: Could not open '/sys/kernel/fpsgo/fstb/set_render_no_ctrl'
04-08 11:35:11.917  1312  1376 E libPowerHal: error : 2, No such file or directory
04-08 11:35:11.972  2648  2648 E SlideDampingBounceHelper: handleDownTouchEvent mTrackingPointerId=0
04-08 11:35:12.000  1899  2133 E TranCPUBooster: not support msg=3
04-08 11:35:12.011  2648  2648 E SlideDampingBounceHelper: Invalid pointerId=-1 in onTouchEvent ACTION_MOVE
04-08 11:35:12.012  2648  2648 E SlideDampingBounceHelper: Invalid pointerId=-1 in onTouchEvent ACTION_UP
04-08 11:35:12.014  1899  2133 E TranCPUBooster: not support msg=3
04-08 11:35:12.014  1899  2133 E TranCPUBooster: not support msg=3
04-08 11:35:12.021  1312  1376 E libPowerHal: Could not open '/sys/kernel/fpsgo/fstb/set_render_no_ctrl'
04-08 11:35:12.021  1312  1376 E libPowerHal: error : 2, No such file or directory
04-08 11:35:12.022  1312  1376 E libPowerHal: Could not open '/sys/kernel/fpsgo/fstb/set_render_no_ctrl'
04-08 11:35:12.022  1312  1376 E libPowerHal: error : 2, No such file or directory
04-08 11:35:12.274 25345 25613 E BluetoothAdapterService: isSupported: Remote Device Uuids Empty
04-08 11:35:12.299 25345 25613 E BluetoothAdapterService: isSupported: Remote Device Uuids Empty
04-08 11:35:12.369  1340  1406 E BufferQueueDebug: [Surface(name=a8a946e StatusBar)/@0x95d1d27 - animation-leash of insets_animation#859461](this:0xb40000744dc57050,id:-1,api:0,p:-1,c:-1) id info cannot be read from 'Surface(name=a8a946e StatusBar)/@0x95d1d27 - animation-leash of insets_animation#859461'
04-08 11:35:12.373  1340  1406 E BufferQueueDebug: [Surface(name=89c121c NavigationBar0)/@0xf44817d - animation-leash of insets_animation#859462](this:0xb40000744dcb4fe0,id:-1,api:0,p:-1,c:-1) id info cannot be read from 'Surface(name=89c121c NavigationBar0)/@0xf44817d - animation-leash of insets_animation#859462'
04-08 11:35:12.403 25345 25613 E BluetoothAdapterService: isSupported: Remote Device Uuids Empty
04-08 11:35:14.290  1340  1527 E SurfaceFlinger: MtkDuration override mode is disabled
04-08 11:35:14.690 25345 25613 E BluetoothAdapterService: isSupported: Remote Device Uuids Empty
04-08 11:35:14.794 25345 25613 E BluetoothAdapterService: isSupported: Remote Device Uuids Empty
04-08 11:35:14.825 25345 25613 E BluetoothAdapterService: isSupported: Remote Device Uuids Empty
04-08 11:35:14.926  1312  1376 E libPowerHal: Could not open '/sys/kernel/fpsgo/fstb/set_render_no_ctrl'
04-08 11:35:14.926  1312  1376 E libPowerHal: error : 2, No such file or directory
04-08 11:35:14.929  1312  1376 E libPowerHal: Could not open '/sys/kernel/fpsgo/fstb/set_render_no_ctrl'
04-08 11:35:14.929  1312  1376 E libPowerHal: error : 2, No such file or directory
04-08 11:35:15.018  1899  2133 E TranCPUBooster: not support msg=3
04-08 11:35:15.669  2985  2985 E MtkPhoneIntfMgrEx: MainThreadHandler.handleMessage : 3
04-08 11:35:15.906  1340  1410 E surfaceflinger: == MALI DEBUG ===eglp_winsys_populate_image_templates ==12288
04-08 11:35:15.910  1340  1410 E surfaceflinger: == MALI DEBUG ===eglp_winsys_populate_image_templates ==12288
04-08 11:35:15.922  1340  1410 E surfaceflinger: == MALI DEBUG ===eglp_winsys_populate_image_templates ==12288
04-08 11:35:15.940  1340  1410 E surfaceflinger: == MALI DEBUG ===eglp_winsys_populate_image_templates ==12288
04-08 11:35:15.944  1340  1340 E SurfaceFlinger: MtkDuration override mode is disabled
04-08 11:35:15.946  1340  1410 E surfaceflinger: == MALI DEBUG ===eglp_winsys_populate_image_templates ==12288
04-08 11:35:15.965  1340  1410 E surfaceflinger: == MALI DEBUG ===eglp_winsys_populate_image_templates ==12288
04-08 11:35:16.869  1312  1356 E libPowerHal: [getCPUFreq] error cid:2, nClusterNum:2
04-08 11:35:17.076 25345 25371 E BluetoothAdapterService: isSupported: Remote Device Uuids Empty
04-08 11:35:17.182 25345 25371 E BluetoothAdapterService: isSupported: Remote Device Uuids Empty
04-08 11:35:17.216 25345 25371 E BluetoothAdapterService: isSupported: Remote Device Uuids Empty
04-08 11:35:18.184  1340  1527 E SurfaceFlinger: MtkDuration override mode is disabled
04-08 11:35:18.239  1340  1340 E SurfaceFlinger: MtkDuration override mode is disabled
04-08 11:35:19.047  1312  1356 E libPowerHal: [getCPUFreq] error cid:2, nClusterNum:2
04-08 11:35:19.273  1312  1356 E libPowerHal: [getCPUFreq] error cid:2, nClusterNum:2
04-08 11:35:19.505 25345 25371 E BluetoothAdapterService: isSupported: Remote Device Uuids Empty
04-08 11:35:19.608  1899  2133 E TranCPUBooster: not support msg=3
04-08 11:35:19.618 25345 25371 E BluetoothAdapterService: isSupported: Remote Device Uuids Empty
04-08 11:35:19.653  1899  2133 E TranCPUBooster: not support msg=3
04-08 11:35:19.654  1899  2133 E TranCPUBooster: not support msg=3
04-08 11:35:19.670  1312  1376 E libPowerHal: Could not open '/sys/kernel/fpsgo/fstb/set_render_no_ctrl'
04-08 11:35:19.670  1312  1376 E libPowerHal: error : 2, No such file or directory
04-08 11:35:19.671  1312  1376 E libPowerHal: Could not open '/sys/kernel/fpsgo/fstb/set_render_no_ctrl'
04-08 11:35:19.671  1312  1376 E libPowerHal: error : 2, No such file or directory
04-08 11:35:19.849  1899  2133 E TranCPUBooster: not support msg=3
04-08 11:35:19.850  1899  2133 E TranCPUBooster: not support msg=3
04-08 11:35:19.879  1899  2133 E TranCPUBooster: not support msg=3
04-08 11:35:19.880  1899  2133 E TranCPUBooster: not support msg=3
04-08 11:35:20.163  1899  2133 E TranCPUBooster: not support msg=3
04-08 11:35:20.165  1899  2133 E TranCPUBooster: not support msg=3
04-08 11:35:20.190  1899  2133 E TranCPUBooster: not support msg=3
04-08 11:35:20.192  1899  2133 E TranCPUBooster: not support msg=3
04-08 11:35:20.693  1899  2133 E TranCPUBooster: not support msg=3
04-08 11:35:20.702  1312  1376 E libPowerHal: Could not open '/sys/kernel/fpsgo/fstb/set_render_no_ctrl'
04-08 11:35:20.702  1312  1376 E libPowerHal: error : 2, No such file or directory
04-08 11:35:20.703  1312  1376 E libPowerHal: Could not open '/sys/kernel/fpsgo/fstb/set_render_no_ctrl'
04-08 11:35:20.703  1312  1376 E libPowerHal: error : 2, No such file or directory
04-08 11:35:20.784  2985  2985 E MtkPhoneIntfMgrEx: MainThreadHandler.handleMessage : 3
04-08 11:35:20.893  1312  1356 E libPowerHal: [getCPUFreq] error cid:2, nClusterNum:2
04-08 11:35:21.880 25345 25371 E BluetoothAdapterService: isSupported: Remote Device Uuids Empty
04-08 11:35:22.031 25345 25371 E BluetoothAdapterService: isSupported: Remote Device Uuids Empty
04-08 11:35:22.268  1312  1356 E libPowerHal: [getCPUFreq] error cid:2, nClusterNum:2
04-08 11:35:22.370  1340  2189 E BufferQueueDebug: [InputMethod#859463](this:0xb40000744dcce9f0,id:-1,api:0,p:-1,c:-1) id info cannot be read from 'InputMethod#859463'
04-08 11:35:22.380 29296 31170 E OpenGLRenderer: Unable to match the desired swap behavior.
04-08 11:35:22.398  1340  1410 E surfaceflinger: == MALI DEBUG ===eglp_winsys_populate_image_templates ==12288
04-08 11:35:22.417  1340  1410 E surfaceflinger: == MALI DEBUG ===eglp_winsys_populate_image_templates ==12288
04-08 11:35:22.422  1340  1410 E surfaceflinger: == MALI DEBUG ===eglp_winsys_populate_image_templates ==12288
04-08 11:35:22.428  1340  1410 E surfaceflinger: == MALI DEBUG ===eglp_winsys_populate_image_templates ==12288
04-08 11:35:22.485  1340  1410 E surfaceflinger: == MALI DEBUG ===eglp_winsys_populate_image_templates ==12288
04-08 11:35:22.496  1340  1410 E surfaceflinger: == MALI DEBUG ===eglp_winsys_populate_image_templates ==12288
04-08 11:35:23.097  2985  2985 E MtkPhoneIntfMgrEx: MainThreadHandler.handleMessage : 3
04-08 11:35:23.101  2985  2985 E MtkPhoneIntfMgrEx: MainThreadHandler.handleMessage : 3
04-08 11:35:23.101  2985  2985 E MtkPhoneIntfMgrEx: MainThreadHandler.handleMessage : 3
04-08 11:35:23.101  2985  2985 E MtkPhoneIntfMgrEx: MainThreadHandler.handleMessage : 3
04-08 11:35:23.101  2985  2985 E MtkPhoneIntfMgrEx: MainThreadHandler.handleMessage : 3
04-08 11:35:23.842  1340  1340 E SurfaceFlinger: MtkDuration override mode is disabled
04-08 11:35:24.276 25345 25371 E BluetoothAdapterService: isSupported: Remote Device Uuids Empty
04-08 11:35:24.448  1312  1356 E libPowerHal: [getCPUFreq] error cid:2, nClusterNum:2
04-08 11:35:25.909  2985  2985 E MtkPhoneIntfMgrEx: MainThreadHandler.handleMessage : 3
04-08 11:35:25.973  1312  1356 E libPowerHal: [getCPUFreq] error cid:2, nClusterNum:2
04-08 11:35:26.118  1340  1410 E surfaceflinger: == MALI DEBUG ===eglp_winsys_populate_image_templates ==12288
04-08 11:35:26.350  1312  1356 E libPowerHal: [getCPUFreq] error cid:2, nClusterNum:2
04-08 11:35:26.374  3186  3186 E Athena  : ------------------------------------------------------------
04-08 11:35:26.374  3186  3186 E Athena  : 
04-08 11:35:26.374  3186  3186 E Athena  : Athena is in DEBUG or TEST mode, should not release this APK [com.transsion.multiwindow]
04-08 11:35:26.374  3186  3186 E Athena  : 
04-08 11:35:26.374  3186  3186 E Athena  : ------------------------------------------------------------
04-08 11:35:26.677 25345 25371 E BluetoothAdapterService: isSupported: Remote Device Uuids Empty
04-08 11:35:26.701 25345 25371 E BluetoothAdapterService: isSupported: Remote Device Uuids Empty
04-08 11:35:26.721 25345 25371 E BluetoothAdapterService: isSupported: Remote Device Uuids Empty
04-08 11:35:26.822 25345 25371 E BluetoothAdapterService: isSupported: Remote Device Uuids Empty
04-08 11:35:27.468  1312  1356 E libPowerHal: [getCPUFreq] error cid:2, nClusterNum:2
04-08 11:35:27.571  1899  2721 E ApplicationPackageManager: start update Icon Color!
04-08 11:35:27.618  1340  1406 E BufferQueueDebug: [SurfaceControlViewHost#859464](this:0xb40000744dcb4fe0,id:-1,api:0,p:-1,c:-1) id info cannot be read from 'SurfaceControlViewHost#859464'
04-08 11:35:27.623  1340  1406 E BufferQueueDebug: [Leash#859465](this:0xb40000744dc29750,id:-1,api:0,p:-1,c:-1) id info cannot be read from 'Leash#859465'
04-08 11:35:27.624  1340  1406 E BufferQueueDebug: [#859466](this:0xb40000744d9ea3b0,id:-1,api:0,p:-1,c:-1) id info cannot be read from '#859466'
04-08 11:35:27.635  1340  1406 E BufferQueueDebug: [Bounds for - InputMethod#859467](this:0xb40000744d9efed0,id:-1,api:0,p:-1,c:-1) id info cannot be read from 'Bounds for - InputMethod#859467'
04-08 11:35:27.636  1340  1406 E BufferQueueDebug: [SurfaceView[InputMethod]#859468](this:0xb40000744db7bc00,id:-1,api:0,p:-1,c:-1) id info cannot be read from 'SurfaceView[InputMethod]#859468'
04-08 11:35:27.638  1340  1406 E BufferQueueDebug: [SurfaceView[InputMethod](BLAST)#859469](this:0xb40000744db705c0,id:-1,api:0,p:-1,c:-1) id info cannot be read from 'SurfaceView[InputMethod](BLAST)#859469'
04-08 11:35:27.640  3047 25789 E OpenGLRenderer: Unable to match the desired swap behavior.
04-08 11:35:27.640  1340  1406 E BufferQueueDebug: [Background for SurfaceView[InputMethod]#859470](this:0xb40000744dbf6330,id:-1,api:0,p:-1,c:-1) id info cannot be read from 'Background for SurfaceView[InputMethod]#859470'
04-08 11:35:27.647  1340  1406 E BufferQueueDebug: [SurfaceView[InputMethod]#859471](this:0xb40000744dc8d200,id:-1,api:0,p:-1,c:-1) id info cannot be read from 'SurfaceView[InputMethod]#859471'
04-08 11:35:27.648  1340  1406 E BufferQueueDebug: [SurfaceView[InputMethod](BLAST)#859472](this:0xb40000744dc1b380,id:-1,api:0,p:-1,c:-1) id info cannot be read from 'SurfaceView[InputMethod](BLAST)#859472'
04-08 11:35:27.648  1340  1410 E surfaceflinger: == MALI DEBUG ===eglp_winsys_populate_image_templates ==12288
04-08 11:35:27.649  1340  1406 E BufferQueueDebug: [Background for SurfaceView[InputMethod]#859473](this:0xb40000744dbe7f60,id:-1,api:0,p:-1,c:-1) id info cannot be read from 'Background for SurfaceView[InputMethod]#859473'
04-08 11:35:27.652  1340  1410 E surfaceflinger: == MALI DEBUG ===eglp_winsys_populate_image_templates ==12288
04-08 11:35:27.657  1340  1410 E surfaceflinger: == MALI DEBUG ===eglp_winsys_populate_image_templates ==12288
04-08 11:35:27.662  1312  1326 E mtkpower@impl: [setMode] unknown type
04-08 11:35:27.674  1340  1410 E surfaceflinger: == MALI DEBUG ===eglp_winsys_populate_image_templates ==12288
04-08 11:35:27.690  1340  1410 E surfaceflinger: == MALI DEBUG ===eglp_winsys_populate_image_templates ==12288
04-08 11:35:27.708  1340  1410 E surfaceflinger: == MALI DEBUG ===eglp_winsys_populate_image_templates ==12288
04-08 11:35:27.725  1340  1410 E surfaceflinger: == MALI DEBUG ===eglp_winsys_populate_image_templates ==12288
04-08 11:35:27.741  1340  1410 E surfaceflinger: == MALI DEBUG ===eglp_winsys_populate_image_templates ==12288
04-08 11:35:27.811  1312  1326 E mtkpower@impl: [setMode] unknown type
04-08 11:35:27.843 29296 31170 E BufferQueueProducer: [SurfaceView[InputMethod]#713(BLAST Consumer)713](id:7270000002c9,api:0,p:-1,c:29296) disconnect: not connected (req=1)
04-08 11:35:28.076  1899  1923 E ShortcutService: Invalid icon type in shortcut 167989726986384@lid. Bitmaps are not allowed in long-lived shortcuts. Use Resource icons, or Uri-based icons instead.
04-08 11:35:28.222  4461  4461 E SP_ShortcutModel: onShortcutsChanged: com.whatsapp
04-08 11:35:28.471  1312  1356 E libPowerHal: [getCPUFreq] error cid:2, nClusterNum:2
04-08 11:35:28.510  1899  2133 E TranCPUBooster: not support msg=3
04-08 11:35:28.512  1899  2133 E TranCPUBooster: not support msg=3
04-08 11:35:28.522  1312  1376 E libPowerHal: Could not open '/sys/kernel/fpsgo/fstb/set_render_no_ctrl'
04-08 11:35:28.522  1312  1376 E libPowerHal: error : 2, No such file or directory
04-08 11:35:28.522  1899  2133 E TranCPUBooster: not support msg=3
04-08 11:35:28.524  1312  1376 E libPowerHal: Could not open '/sys/kernel/fpsgo/fstb/set_render_no_ctrl'
04-08 11:35:28.524  1312  1376 E libPowerHal: error : 2, No such file or directory
04-08 11:35:28.540  1312  1376 E libPowerHal: Could not open '/sys/kernel/fpsgo/fstb/set_render_no_ctrl'
04-08 11:35:28.540  1312  1376 E libPowerHal: error : 2, No such file or directory
04-08 11:35:28.541 25882 29970 E SBE     : this page is abnormal implementation
04-08 11:35:28.542  1899  2133 E TranCPUBooster: not support msg=3
04-08 11:35:28.542  1312  1376 E libPowerHal: Could not open '/sys/kernel/fpsgo/fstb/set_render_no_ctrl'
04-08 11:35:28.542  1312  1376 E libPowerHal: error : 2, No such file or directory
04-08 11:35:28.543  1340  1340 E SurfaceFlinger: MtkDuration override mode is disabled
04-08 11:35:28.561  1340  1340 E SurfaceFlinger: MtkDuration override mode is disabled
04-08 11:35:28.593  1312  1376 E libPowerHal: Could not open '/sys/kernel/fpsgo/fstb/set_render_no_ctrl'
04-08 11:35:28.593  1312  1376 E libPowerHal: error : 2, No such file or directory
04-08 11:35:28.594  1312  1376 E libPowerHal: Could not open '/sys/kernel/fpsgo/fstb/set_render_no_ctrl'
04-08 11:35:28.594  1312  1376 E libPowerHal: error : 2, No such file or directory
04-08 11:35:29.009  1312  1356 E libPowerHal: [getCPUFreq] error cid:2, nClusterNum:2
04-08 11:35:29.102  1340  3663 E BufferQueueDebug: [Surface(name=89c121c NavigationBar0)/@0xf44817d - animation-leash of insets_animation#859474](this:0xb40000744dc29750,id:-1,api:0,p:-1,c:-1) id info cannot be read from 'Surface(name=89c121c NavigationBar0)/@0xf44817d - animation-leash of insets_animation#859474'
04-08 11:35:29.119 25345 25613 E BluetoothAdapterService: isSupported: Remote Device Uuids Empty
04-08 11:35:29.122  1340  1340 E SurfaceFlinger: MtkDuration override mode is disabled
04-08 11:35:29.221 25345 25613 E BluetoothAdapterService: isSupported: Remote Device Uuids Empty
04-08 11:35:29.628  1312  1356 E libPowerHal: [getCPUFreq] error cid:2, nClusterNum:2
04-08 11:35:29.759 19224 19572 E MQTTBypassDGWStreamGroupCallbacks.cpp: onStreamGroupError TransientError domain: MNSQUICConnection code: 1 detail: Local error: 0x40000015: 40 seconds timeout
04-08 11:35:29.764 19224 19714 E msys    : E[N mns:DGWClient]_OnDiskCacheGetData(1102)=>Start post callback cache refresh DNS resolution
04-08 11:35:29.787 19224 19714 E msys    : E[N mns:DGWClient]_OnResolverSuccess(313)=>Cache refresh succeeded with system DNS resolver. IP count: 2
04-08 11:35:31.027  2985  2985 E MtkPhoneIntfMgrEx: MainThreadHandler.handleMessage : 3
04-08 11:35:31.500 25345 25613 E BluetoothAdapterService: isSupported: Remote Device Uuids Empty
04-08 11:35:31.521 25345 25613 E BluetoothAdapterService: isSupported: Remote Device Uuids Empty
04-08 11:35:31.584 25345 25613 E BluetoothAdapterService: isSupported: Remote Device Uuids Empty
04-08 11:35:33.384  1312  1356 E libPowerHal: [getCPUFreq] error cid:2, nClusterNum:2
04-08 11:35:33.925 25345 25490 E BluetoothAdapterService: isSupported: Remote Device Uuids Empty
04-08 11:35:33.974 25345 25490 E BluetoothAdapterService: isSupported: Remote Device Uuids Empty
04-08 11:35:34.029 25345 25490 E BluetoothAdapterService: isSupported: Remote Device Uuids Empty
04-08 11:35:35.354 25882 25882 E TranChoreographerImpl: skippedFrames: 68
04-08 11:35:35.452 25882 29891 E com.hajj: == MALI DEBUG ===eglp_winsys_populate_image_templates ==12288
04-08 11:35:35.479 25882 29891 E com.hajj: == MALI DEBUG ===eglp_winsys_populate_image_templates ==12288
04-08 11:35:35.583 25882 29891 E com.hajj: == MALI DEBUG ===eglp_winsys_populate_image_templates ==12288
04-08 11:35:36.148  2985  2985 E MtkPhoneIntfMgrEx: MainThreadHandler.handleMessage : 3
04-08 11:35:36.287 25345 25490 E BluetoothAdapterService: isSupported: Remote Device Uuids Empty
04-08 11:35:36.304 25345 25490 E BluetoothAdapterService: isSupported: Remote Device Uuids Empty
04-08 11:35:36.321 25345 25490 E BluetoothAdapterService: isSupported: Remote Device Uuids Empty
04-08 11:35:36.432 25345 25490 E BluetoothAdapterService: isSupported: Remote Device Uuids Empty
04-08 11:35:37.728  1312  1356 E libPowerHal: [getCPUFreq] error cid:2, nClusterNum:2
04-08 11:35:37.826  1340  3663 E BufferQueueDebug: [InputMethod#859475](this:0xb40000744dcaf4c0,id:-1,api:0,p:-1,c:-1) id info cannot be read from 'InputMethod#859475'
04-08 11:35:37.840 29296 31170 E OpenGLRenderer: Unable to match the desired swap behavior.
04-08 11:35:37.859  1340  1410 E surfaceflinger: == MALI DEBUG ===eglp_winsys_populate_image_templates ==12288
04-08 11:35:37.874  1340  1410 E surfaceflinger: == MALI DEBUG ===eglp_winsys_populate_image_templates ==12288
04-08 11:35:37.884  1340  1410 E surfaceflinger: == MALI DEBUG ===eglp_winsys_populate_image_templates ==12288
04-08 11:35:37.916 25882 29891 E com.hajj: == MALI DEBUG ===eglp_winsys_populate_image_templates ==12288
04-08 11:35:37.920  1340  1410 E surfaceflinger: == MALI DEBUG ===eglp_winsys_populate_image_templates ==12288
04-08 11:35:37.933  1340  1410 E surfaceflinger: == MALI DEBUG ===eglp_winsys_populate_image_templates ==12288
04-08 11:35:37.954  1340  1410 E surfaceflinger: == MALI DEBUG ===eglp_winsys_populate_image_templates ==12288
04-08 11:35:37.969 25882 29891 E com.hajj: == MALI DEBUG ===eglp_winsys_populate_image_templates ==12288
04-08 11:35:38.565  1312  1356 E libPowerHal: [getCPUFreq] error cid:2, nClusterNum:2
04-08 11:35:38.683 25345 25371 E BluetoothAdapterService: isSupported: Remote Device Uuids Empty
04-08 11:35:38.725 25345 25371 E BluetoothAdapterService: isSupported: Remote Device Uuids Empty
04-08 11:35:38.776 25345 25371 E BluetoothAdapterService: isSupported: Remote Device Uuids Empty
04-08 11:35:39.087 28705 30131 E phonemaster_log: AdUtilsFirebase: {"suc":1,"msg":"成功","config_update_time":1440,"ad_flag":0,"ad_flag_os":0,"ad_silenceday_os":30,"ad_silenceday_gp":30,"spread_silenceday_os":30,"spreadAndAd_eff_vercode_os":5437,"data":{"msg":{"reload_interval":1,"ads_config":{"az_enable":false,"az_interval":60,"az_max_number":4,"ad_placement_id":"1110110011000000","expire_time":20,"jump_enable":false,"ad_show_load":5,"ad_show":3,"before_ad_time":500,"ad_load_time":1000,"download_time":1000,"request_time":2500,"no_ad_time":1000,"splash_freq":24,"game_boost_ad_gp":false,"game_boost_ad_os":false,"ad_all_click":false,"app_lock_avazu_ad_gp":false,"app_lock_avazu_ad_os":false,"applock_card_ad_gp":false,"applock_card_ad_os":false,"applock_card_ad_proj":false,"advance_clean_ad_gp":false,"advance_clean_ad_os":false,"advance_clean_ad_proj":false,"advance_clean_oncreate_ad":false,"advance_clean_oncreate_ad_proj":false,"splash_ad_os":false,"splash_ad_gp":false,"splash_ad_proj":false,"charge_screen_ad_gp":false,"charge_screen_ad_os":false,"result_interstitial_ad_frequency_control_gp":false,"result_interstitial_ad_frequency_control_os":false,"result_interstitial_ad_frequency_control_proj":false,"install_scanner_ad_gp":false,"install_scanner_ad_os":false,"install_scanner_ad_proj":false,"launcher_clean_ad_gp":false,"launcher_clean_ad_os":false,"launcher_clean_ad_proj":false,"charge_screen_native_ad_gp":false,"charge_screen_native_ad_os":false,"charge_screen_native_ad_proj":false,"dm_ad_proj":false,"dm_ad_gp":false,"result_native_ad_proj":false,"result_interstitial_ad_proj":false,"applock_banner_ad_proj":false,"whatsapp_ad_proj":false,"whatsapp_ad_gp":false,"splash_admob_ad_proj":false,"splash_admob_ad_gp":false,"home_ad_proj":false,"home_ad_gp":false,"result_feature_banner_ad_proj":false,"result_feature_banner_ad_gp":false,"toolbox_banner_ad_gp":false,"toolbox_banner_ad_proj":false,"app_manager_icons_ad_proj":false,"app_manager_icons_ad_gp":false,"app_manager_banner_ad_gp":false,"app_manager_banner_ad_proj":false,"clean_master_banner_ad_proj":false,"clean_master_banner_ad_gp":false,"clean_master_native_ad_proj":false,"clean_master_native_ad_gp":false,"clean_master_inter_ad_proj":false,"clean_master_inter_ad_gp":false,"app_clean_native_ad_proj":false,"app_clean_native_ad_gp":false,"app_clean_inter_ad_proj":false,"app_clean_inter_ad_gp":false,"data_manager_native_ad_proj":false,"data_manager_native_ad_gp":false,"data_manager_inter_ad_proj":false,"data_manager_inter_ad_gp":false,"splash_native_ad_proj":false,"splash_native_ad_gp":false,"splash_inter_ad_proj":false,"splash_inter_ad_gp":false,"home_banner_ad_proj":false,"home_banner_ad_gp":false,"powerboost_banner_ad_proj":false,"powerboost_banner_ad_gp":false,"home_back_native_ad_gp":false,"whatsapp_file_inter_ad_gp":false,"file_manage_inter_ad_gp":false,"anti_back_result_inter_ad_gp":false,"powersave_back_result_inter_ad_gp":false,"cool_back_result_inter_ad_gp":false,"boost_back_result_inter_ad_gp":false,"clean_back_result_inter_ad_gp":false,"app_start_inter_ad_gp":false,"permission_inter_ad_gp":false,"gdpr_inter_ad_gp":false,"vpn_inter_ad_gp":false,"vpn_inter_ad_proj":false,"vpn_reward_ad_gp":false,"vpn_reward_ad_proj":false,"vpn_native_ad_gp":false,"vpn_native_ad_proj":false,"vpn_result_inter_ad_gp":false,"vpn_result_inter_ad_proj":false,"splash_hot_ad_gp":false,"splash_hot_ad_proj":false,"phone_report_native_ad_gp":false,"phone_report_native_ad_proj":false,"whatsapp_inter_ad_proj":false,"whatsapp_inter_ad_gp":false,"special_ad_gp":false,"special_ad_proj":false,"special_inter_ad_proj":false,"special_inter_ad_gp":false,"phoneReport_reward_ad_proj":false,"phoneReport_reward_ad_gp":false,"phoneReport_rewardinter_ad_proj":false,"phoneReport_rewardinter_ad_gp":false,"discover_h5_ad_proj":false,"discover_h5_ad_gp":false,"Result_Native":false,"AppManager_list":false},"toolbox":{"ad_tool":false,"hot_function":"6;Smart Clean;Deep clean;Message Security;App uninstall;Notification management;Clean WhatsApp;File move;Phone cooling;Auto-start management;Free
04-08 11:35:39.087 28705 30131 E phonemaster_log: zer;Data traffic management;Harassment filter;WhatsApp mode;App lock;Security;Slimming;Clear trash;App management;Game mode;Smart Charge;Phone Cleaner;Payment_safe;Wifi_protector;XHide;Browser"}}}}
04-08 11:35:39.189 28705 30144 E phonemaster_log: Web_: deleteAllData failed 
04-08 11:35:39.192 28705 30144 E phonemaster_log: Web_: android.database.sqlite.SQLiteConstraintException: NOT NULL constraint failed: MaterielTable.offerName (code 1299 SQLITE_CONSTRAINT_NOTNULL)
04-08 11:35:39.294  1340  1340 E SurfaceFlinger: MtkDuration override mode is disabled
04-08 11:35:39.356  1340  2189 E BufferQueueDebug: [Surface(name=89c121c NavigationBar0)/@0xf44817d - animation-leash of insets_animation#859476](this:0xb40000744d9ea3b0,id:-1,api:0,p:-1,c:-1) id info cannot be read from 'Surface(name=89c121c NavigationBar0)/@0xf44817d - animation-leash of insets_animation#859476'
04-08 11:35:39.380  1340  1340 E SurfaceFlinger: MtkDuration override mode is disabled
04-08 11:35:39.396 25882 29891 E com.hajj: == MALI DEBUG ===eglp_winsys_populate_image_templates ==12288
04-08 11:35:39.412 25882 29891 E com.hajj: == MALI DEBUG ===eglp_winsys_populate_image_templates ==12288
04-08 11:35:41.079 25345 25371 E BluetoothAdapterService: isSupported: Remote Device Uuids Empty
04-08 11:35:41.140 25345 25371 E BluetoothAdapterService: isSupported: Remote Device Uuids Empty
04-08 11:35:41.240 25345 25371 E BluetoothAdapterService: isSupported: Remote Device Uuids Empty
04-08 11:35:41.276  2985  2985 E MtkPhoneIntfMgrEx: MainThreadHandler.handleMessage : 3
04-08 11:35:41.461  1340  1527 E SurfaceFlinger: MtkDuration override mode is disabled
04-08 11:35:41.881  1312  1356 E libPowerHal: [getCPUFreq] error cid:2, nClusterNum:2
04-08 11:35:41.914  1340  1340 E SurfaceFlinger: MtkDuration override mode is disabled
04-08 11:35:42.318 25882 29933 E AndroidRuntime: FATAL EXCEPTION: mqt_v_native
04-08 11:35:42.318 25882 29933 E AndroidRuntime: Process: com.hajj, PID: 25882
04-08 11:35:42.318 25882 29933 E AndroidRuntime: java.lang.IncompatibleClassChangeError: Found interface com.google.android.gms.location.SettingsClient, but class was expected (declaration of 'com.google.android.gms.location.SettingsClient' appears in /data/app/~~MhyxCWFEpQEwY85BNRfoiQ==/com.hajj-2TRXkonqz4V98kAZBh3aLw==/base.apk!classes7.dex)
04-08 11:35:42.318 25882 29933 E AndroidRuntime: 	at com.agontuk.RNFusedLocation.FusedLocationProvider.checkLocationSettings(FusedLocationProvider.java:177)
04-08 11:35:42.318 25882 29933 E AndroidRuntime: 	at com.agontuk.RNFusedLocation.FusedLocationProvider.requestLocationUpdates(FusedLocationProvider.java:152)
04-08 11:35:42.318 25882 29933 E AndroidRuntime: 	at com.agontuk.RNFusedLocation.RNFusedLocationModule.startObserving(RNFusedLocationModule.java:133)
04-08 11:35:42.318 25882 29933 E AndroidRuntime: 	at com.facebook.jni.NativeRunnable.run(Native Method)
04-08 11:35:42.318 25882 29933 E AndroidRuntime: 	at android.os.Handler.handleCallback(Handler.java:958)
04-08 11:35:42.318 25882 29933 E AndroidRuntime: 	at android.os.Handler.dispatchMessage(Handler.java:99)
04-08 11:35:42.318 25882 29933 E AndroidRuntime: 	at com.facebook.react.bridge.queue.MessageQueueThreadHandler.dispatchMessage(MessageQueueThreadHandler.kt:21)
04-08 11:35:42.318 25882 29933 E AndroidRuntime: 	at android.os.Looper.loopOnce(Looper.java:243)
04-08 11:35:42.318 25882 29933 E AndroidRuntime: 	at android.os.Looper.loop(Looper.java:338)
04-08 11:35:42.318 25882 29933 E AndroidRuntime: 	at com.facebook.react.bridge.queue.MessageQueueThreadImpl$Companion.startNewBackgroundThread$lambda$0(MessageQueueThreadImpl.kt:152)
04-08 11:35:42.318 25882 29933 E AndroidRuntime: 	at com.facebook.react.bridge.queue.MessageQueueThreadImpl$Companion.$r8$lambda$YYXYCFexeoKtAeDpeNYkxZZlpbA(Unknown Source:0)
04-08 11:35:42.318 25882 29933 E AndroidRuntime: 	at com.facebook.react.bridge.queue.MessageQueueThreadImpl$Companion$$ExternalSyntheticLambda0.run(D8$$SyntheticClass:0)
04-08 11:35:42.318 25882 29933 E AndroidRuntime: 	at java.lang.Thread.run(Thread.java:1563)
04-08 11:35:42.332  1899  1922 E debug_TransitionController: mCollectingTransition = TransitionRecord{364522d id=50917 type=CLOSE flags=0x10}
04-08 11:35:42.332  1899  1922 E debug_Transition: mState = 0
04-08 11:35:42.334 28531 28552 E TABE    : startLog: APP_STABILITY_APR_TID not enable
04-08 11:35:42.343  1899  1977 E TranDetectControllerService: appCrashDetected processName: com.hajj
04-08 11:35:42.486  1899  2573 E  Aurora_Exception :  exception PolicyManager=getUserPreloadPolicy fail,userList is null
04-08 11:35:42.490  2619 30167 E FA      : Discarding data. Max runnable queue size reached
04-08 11:35:42.493  1340  1406 E BufferQueueDebug: [com.transsion.hilauncher/com.android.quickstep.src.com.android.launcher3.uioverrides.QuickstepLauncher#859477](this:0xb40000744dcaf4c0,id:-1,api:0,p:-1,c:-1) id info cannot be read from 'com.transsion.hilauncher/com.android.quickstep.src.com.android.launcher3.uioverrides.QuickstepLauncher#859477'
04-08 11:35:42.499  1340  3663 E BufferQueueDebug: [Surface(name=a8a946e StatusBar)/@0x95d1d27 - animation-leash of insets_animation#859478](this:0xb40000744d9efed0,id:-1,api:0,p:-1,c:-1) id info cannot be read from 'Surface(name=a8a946e StatusBar)/@0x95d1d27 - animation-leash of insets_animation#859478'
04-08 11:35:42.501  1340  1406 E BufferQueueDebug: [Surface(name=89c121c NavigationBar0)/@0xf44817d - animation-leash of insets_animation#859479](this:0xb40000744dc29750,id:-1,api:0,p:-1,c:-1) id info cannot be read from 'Surface(name=89c121c NavigationBar0)/@0xf44817d - animation-leash of insets_animation#859479'
04-08 11:35:42.506  2619  3138 E OpenGLRenderer: Unable to match the desired swap behavior.
04-08 11:35:42.525  1340  1410 E surfaceflinger: == MALI DEBUG ===eglp_winsys_populate_image_templates ==12288
04-08 11:35:42.535  1340  3663 E BufferQueueDebug: [Transition Root: Task=1#859480](this:0xb40000744db705c0,id:-1,api:0,p:-1,c:-1) id info cannot be read from 'Transition Root: Task=1#859480'
04-08 11:35:42.540  1340  1340 E BufferQueueDebug: [Screenshot Parent#859481](this:0xb40000744db73350,id:-1,api:0,p:-1,c:-1) id info cannot be read from 'Screenshot Parent#859481'
04-08 11:35:42.542  1340  1410 E surfaceflinger: == MALI DEBUG ===eglp_winsys_populate_image_templates ==12288
